Archive member included to satisfy reference by file (symbol)

c:/st/stm32cubeide_1.7.0/stm32cubeide/plugins/com.st.stm32cube.ide.mcu.externaltools.gnu-tools-for-stm32.9-2020-q2-update.win32_2.0.0.202105311346/tools/bin/../lib/gcc/arm-none-eabi/9.3.1/../../../../arm-none-eabi/lib/thumb/v7e-m+fp/hard\libc_nano.a(lib_a-errno.o)
                              ./Src/syscalls.o (__errno)
c:/st/stm32cubeide_1.7.0/stm32cubeide/plugins/com.st.stm32cube.ide.mcu.externaltools.gnu-tools-for-stm32.9-2020-q2-update.win32_2.0.0.202105311346/tools/bin/../lib/gcc/arm-none-eabi/9.3.1/../../../../arm-none-eabi/lib/thumb/v7e-m+fp/hard\libc_nano.a(lib_a-exit.o)
                              c:/st/stm32cubeide_1.7.0/stm32cubeide/plugins/com.st.stm32cube.ide.mcu.externaltools.gnu-tools-for-stm32.9-2020-q2-update.win32_2.0.0.202105311346/tools/bin/../lib/gcc/arm-none-eabi/9.3.1/../../../../arm-none-eabi/lib/thumb/v7e-m+fp/hard/crt0.o (exit)
c:/st/stm32cubeide_1.7.0/stm32cubeide/plugins/com.st.stm32cube.ide.mcu.externaltools.gnu-tools-for-stm32.9-2020-q2-update.win32_2.0.0.202105311346/tools/bin/../lib/gcc/arm-none-eabi/9.3.1/../../../../arm-none-eabi/lib/thumb/v7e-m+fp/hard\libc_nano.a(lib_a-impure.o)
                              c:/st/stm32cubeide_1.7.0/stm32cubeide/plugins/com.st.stm32cube.ide.mcu.externaltools.gnu-tools-for-stm32.9-2020-q2-update.win32_2.0.0.202105311346/tools/bin/../lib/gcc/arm-none-eabi/9.3.1/../../../../arm-none-eabi/lib/thumb/v7e-m+fp/hard\libc_nano.a(lib_a-exit.o) (_global_impure_ptr)
c:/st/stm32cubeide_1.7.0/stm32cubeide/plugins/com.st.stm32cube.ide.mcu.externaltools.gnu-tools-for-stm32.9-2020-q2-update.win32_2.0.0.202105311346/tools/bin/../lib/gcc/arm-none-eabi/9.3.1/../../../../arm-none-eabi/lib/thumb/v7e-m+fp/hard\libc_nano.a(lib_a-init.o)
                              c:/st/stm32cubeide_1.7.0/stm32cubeide/plugins/com.st.stm32cube.ide.mcu.externaltools.gnu-tools-for-stm32.9-2020-q2-update.win32_2.0.0.202105311346/tools/bin/../lib/gcc/arm-none-eabi/9.3.1/../../../../arm-none-eabi/lib/thumb/v7e-m+fp/hard/crt0.o (__libc_init_array)
c:/st/stm32cubeide_1.7.0/stm32cubeide/plugins/com.st.stm32cube.ide.mcu.externaltools.gnu-tools-for-stm32.9-2020-q2-update.win32_2.0.0.202105311346/tools/bin/../lib/gcc/arm-none-eabi/9.3.1/../../../../arm-none-eabi/lib/thumb/v7e-m+fp/hard\libc_nano.a(lib_a-memcpy-stub.o)
                              ./Src/main.o (memcpy)
c:/st/stm32cubeide_1.7.0/stm32cubeide/plugins/com.st.stm32cube.ide.mcu.externaltools.gnu-tools-for-stm32.9-2020-q2-update.win32_2.0.0.202105311346/tools/bin/../lib/gcc/arm-none-eabi/9.3.1/../../../../arm-none-eabi/lib/thumb/v7e-m+fp/hard\libc_nano.a(lib_a-memset.o)
                              c:/st/stm32cubeide_1.7.0/stm32cubeide/plugins/com.st.stm32cube.ide.mcu.externaltools.gnu-tools-for-stm32.9-2020-q2-update.win32_2.0.0.202105311346/tools/bin/../lib/gcc/arm-none-eabi/9.3.1/../../../../arm-none-eabi/lib/thumb/v7e-m+fp/hard/crt0.o (memset)
c:/st/stm32cubeide_1.7.0/stm32cubeide/plugins/com.st.stm32cube.ide.mcu.externaltools.gnu-tools-for-stm32.9-2020-q2-update.win32_2.0.0.202105311346/tools/bin/../lib/gcc/arm-none-eabi/9.3.1/../../../../arm-none-eabi/lib/thumb/v7e-m+fp/hard\libc_nano.a(lib_a-sprintf.o)
                              ./Src/main.o (sprintf)
c:/st/stm32cubeide_1.7.0/stm32cubeide/plugins/com.st.stm32cube.ide.mcu.externaltools.gnu-tools-for-stm32.9-2020-q2-update.win32_2.0.0.202105311346/tools/bin/../lib/gcc/arm-none-eabi/9.3.1/../../../../arm-none-eabi/lib/thumb/v7e-m+fp/hard\libc_nano.a(lib_a-strlen.o)
                              ./Src/main.o (strlen)
c:/st/stm32cubeide_1.7.0/stm32cubeide/plugins/com.st.stm32cube.ide.mcu.externaltools.gnu-tools-for-stm32.9-2020-q2-update.win32_2.0.0.202105311346/tools/bin/../lib/gcc/arm-none-eabi/9.3.1/../../../../arm-none-eabi/lib/thumb/v7e-m+fp/hard\libc_nano.a(lib_a-nano-svfprintf.o)
                              c:/st/stm32cubeide_1.7.0/stm32cubeide/plugins/com.st.stm32cube.ide.mcu.externaltools.gnu-tools-for-stm32.9-2020-q2-update.win32_2.0.0.202105311346/tools/bin/../lib/gcc/arm-none-eabi/9.3.1/../../../../arm-none-eabi/lib/thumb/v7e-m+fp/hard\libc_nano.a(lib_a-sprintf.o) (_svfprintf_r)
c:/st/stm32cubeide_1.7.0/stm32cubeide/plugins/com.st.stm32cube.ide.mcu.externaltools.gnu-tools-for-stm32.9-2020-q2-update.win32_2.0.0.202105311346/tools/bin/../lib/gcc/arm-none-eabi/9.3.1/../../../../arm-none-eabi/lib/thumb/v7e-m+fp/hard\libc_nano.a(lib_a-nano-vfprintf_i.o)
                              c:/st/stm32cubeide_1.7.0/stm32cubeide/plugins/com.st.stm32cube.ide.mcu.externaltools.gnu-tools-for-stm32.9-2020-q2-update.win32_2.0.0.202105311346/tools/bin/../lib/gcc/arm-none-eabi/9.3.1/../../../../arm-none-eabi/lib/thumb/v7e-m+fp/hard\libc_nano.a(lib_a-nano-svfprintf.o) (_printf_i)
[...]
Memory Configuration

Name             Origin             Length             Attributes
RAM              0x0000000020000000 0x0000000000020000 xrw
FLASH            0x0000000008000000 0x0000000000080000 xr
*default*        0x0000000000000000 0xffffffffffffffff

Linker script and memory map

LOAD c:/st/stm32cubeide_1.7.0/stm32cubeide/plugins/com.st.stm32cube.ide.mcu.externaltools.gnu-tools-for-stm32.9-2020-q2-update.win32_2.0.0.202105311346/tools/bin/../lib/gcc/arm-none-eabi/9.3.1/thumb/v7e-m+fp/hard/crti.o
LOAD c:/st/stm32cubeide_1.7.0/stm32cubeide/plugins/com.st.stm32cube.ide.mcu.externaltools.gnu-tools-for-stm32.9-2020-q2-update.win32_2.0.0.202105311346/tools/bin/../lib/gcc/arm-none-eabi/9.3.1/thumb/v7e-m+fp/hard/crtbegin.o
LOAD c:/st/stm32cubeide_1.7.0/stm32cubeide/plugins/com.st.stm32cube.ide.mcu.externaltools.gnu-tools-for-stm32.9-2020-q2-update.win32_2.0.0.202105311346/tools/bin/../lib/gcc/arm-none-eabi/9.3.1/../../../../arm-none-eabi/lib/thumb/v7e-m+fp/hard/crt0.o
LOAD ./Drivers/STM32F4xx_HAL_Driver/Src/stm32f4xx_hal.o
LOAD ./Drivers/STM32F4xx_HAL_Driver/Src/stm32f4xx_hal_cortex.o
LOAD ./Drivers/STM32F4xx_HAL_Driver/Src/stm32f4xx_hal_dma.o
LOAD ./Drivers/STM32F4xx_HAL_Driver/Src/stm32f4xx_hal_dma_ex.o
LOAD ./Drivers/STM32F4xx_HAL_Driver/Src/stm32f4xx_hal_exti.o
LOAD ./Drivers/STM32F4xx_HAL_Driver/Src/stm32f4xx_hal_flash.o
LOAD ./Drivers/STM32F4xx_HAL_Driver/Src/stm32f4xx_hal_flash_ex.o
LOAD ./Drivers/STM32F4xx_HAL_Driver/Src/stm32f4xx_hal_flash_ramfunc.o
LOAD ./Drivers/STM32F4xx_HAL_Driver/Src/stm32f4xx_hal_gpio.o
LOAD ./Drivers/STM32F4xx_HAL_Driver/Src/stm32f4xx_hal_pwr.o
LOAD ./Drivers/STM32F4xx_HAL_Driver/Src/stm32f4xx_hal_pwr_ex.o
LOAD ./Drivers/STM32F4xx_HAL_Driver/Src/stm32f4xx_hal_rcc.o
LOAD ./Drivers/STM32F4xx_HAL_Driver/Src/stm32f4xx_hal_rcc_ex.o
LOAD ./Drivers/STM32F4xx_HAL_Driver/Src/stm32f4xx_hal_spi.o
LOAD ./Drivers/STM32F4xx_HAL_Driver/Src/stm32f4xx_hal_tim.o
LOAD ./Drivers/STM32F4xx_HAL_Driver/Src/stm32f4xx_hal_tim_ex.o
LOAD ./Drivers/STM32F4xx_HAL_Driver/Src/stm32f4xx_hal_uart.o
LOAD ./Middlewares/Third_Party/FatFs/src/diskio.o
LOAD ./Middlewares/Third_Party/FatFs/src/ff.o
LOAD ./Middlewares/Third_Party/FatFs/src/ff_gen_drv.o
LOAD ./Middlewares/Third_Party/FatFs/src/option/ccsbcs.o
LOAD ./Middlewares/Third_Party/FatFs/src/option/syscall.o
LOAD ./Src/fatfs.o
LOAD ./Src/fatfs_sd.o
LOAD ./Src/main.o
LOAD ./Src/stm32f4xx_hal_msp.o
LOAD ./Src/stm32f4xx_it.o
LOAD ./Src/syscalls.o
LOAD ./Src/sysmem.o
LOAD ./Src/system_stm32f4xx.o
LOAD ./Src/user_diskio.o
LOAD ./Startup/startup_stm32f411retx.o
START GROUP
LOAD c:/st/stm32cubeide_1.7.0/stm32cubeide/plugins/com.st.stm32cube.ide.mcu.externaltools.gnu-tools-for-stm32.9-2020-q2-update.win32_2.0.0.202105311346/tools/bin/../lib/gcc/arm-none-eabi/9.3.1/../../../../arm-none-eabi/lib/thumb/v7e-m+fp/hard\libc_nano.a
LOAD c:/st/stm32cubeide_1.7.0/stm32cubeide/plugins/com.st.stm32cube.ide.mcu.externaltools.gnu-tools-for-stm32.9-2020-q2-update.win32_2.0.0.202105311346/tools/bin/../lib/gcc/arm-none-eabi/9.3.1/../../../../arm-none-eabi/lib/thumb/v7e-m+fp/hard\libm.a
END GROUP
START GROUP
LOAD c:/st/stm32cubeide_1.7.0/stm32cubeide/plugins/com.st.stm32cube.ide.mcu.externaltools.gnu-tools-for-stm32.9-2020-q2-update.win32_2.0.0.202105311346/tools/bin/../lib/gcc/arm-none-eabi/9.3.1/thumb/v7e-m+fp/hard\libgcc.a
LOAD c:/st/stm32cubeide_1.7.0/stm32cubeide/plugins/com.st.stm32cube.ide.mcu.externaltools.gnu-tools-for-stm32.9-2020-q2-update.win32_2.0.0.202105311346/tools/bin/../lib/gcc/arm-none-eabi/9.3.1/../../../../arm-none-eabi/lib/thumb/v7e-m+fp/hard\libc_nano.a
END GROUP
START GROUP
LOAD c:/st/stm32cubeide_1.7.0/stm32cubeide/plugins/com.st.stm32cube.ide.mcu.externaltools.gnu-tools-for-stm32.9-2020-q2-update.win32_2.0.0.202105311346/tools/bin/../lib/gcc/arm-none-eabi/9.3.1/thumb/v7e-m+fp/hard\libgcc.a
LOAD c:/st/stm32cubeide_1.7.0/stm32cubeide/plugins/com.st.stm32cube.ide.mcu.externaltools.gnu-tools-for-stm32.9-2020-q2-update.win32_2.0.0.202105311346/tools/bin/../lib/gcc/arm-none-eabi/9.3.1/../../../../arm-none-eabi/lib/thumb/v7e-m+fp/hard\libc_nano.a
LOAD c:/st/stm32cubeide_1.7.0/stm32cubeide/plugins/com.st.stm32cube.ide.mcu.externaltools.gnu-tools-for-stm32.9-2020-q2-update.win32_2.0.0.202105311346/tools/bin/../lib/gcc/arm-none-eabi/9.3.1/../../../../arm-none-eabi/lib/thumb/v7e-m+fp/hard\libnosys.a
END GROUP
START GROUP
LOAD c:/st/stm32cubeide_1.7.0/stm32cubeide/plugins/com.st.stm32cube.ide.mcu.externaltools.gnu-tools-for-stm32.9-2020-q2-update.win32_2.0.0.202105311346/tools/bin/../lib/gcc/arm-none-eabi/9.3.1/thumb/v7e-m+fp/hard\libgcc.a
LOAD c:/st/stm32cubeide_1.7.0/stm32cubeide/plugins/com.st.stm32cube.ide.mcu.externaltools.gnu-tools-for-stm32.9-2020-q2-update.win32_2.0.0.202105311346/tools/bin/../lib/gcc/arm-none-eabi/9.3.1/../../../../arm-none-eabi/lib/thumb/v7e-m+fp/hard\libc_nano.a
LOAD c:/st/stm32cubeide_1.7.0/stm32cubeide/plugins/com.st.stm32cube.ide.mcu.externaltools.gnu-tools-for-stm32.9-2020-q2-update.win32_2.0.0.202105311346/tools/bin/../lib/gcc/arm-none-eabi/9.3.1/../../../../arm-none-eabi/lib/thumb/v7e-m+fp/hard\libnosys.a
END GROUP
LOAD c:/st/stm32cubeide_1.7.0/stm32cubeide/plugins/com.st.stm32cube.ide.mcu.externaltools.gnu-tools-for-stm32.9-2020-q2-update.win32_2.0.0.202105311346/tools/bin/../lib/gcc/arm-none-eabi/9.3.1/thumb/v7e-m+fp/hard/crtend.o
LOAD c:/st/stm32cubeide_1.7.0/stm32cubeide/plugins/com.st.stm32cube.ide.mcu.externaltools.gnu-tools-for-stm32.9-2020-q2-update.win32_2.0.0.202105311346/tools/bin/../lib/gcc/arm-none-eabi/9.3.1/thumb/v7e-m+fp/hard/crtn.o
                0x0000000020020000                _estack = (ORIGIN (RAM) + LENGTH (RAM))
                0x0000000000000400                _Min_Heap_Size = 0x400
                0x0000000000000800                _Min_Stack_Size = 0x800

.isr_vector     0x0000000008000000      0x198
                0x0000000008000000                . = ALIGN (0x4)
 *(.isr_vector)
 .isr_vector    0x0000000008000000      0x198 ./Startup/startup_stm32f411retx.o
                0x0000000008000000                g_pfnVectors
                0x0000000008000198                . = ALIGN (0x4)

.text           0x00000000080001a0     0x7aac
                0x00000000080001a0                . = ALIGN (0x4)
 *(.text)
 .text          0x00000000080001a0       0x40 c:/st/stm32cubeide_1.7.0/stm32cubeide/plugins/com.st.stm32cube.ide.mcu.externaltools.gnu-tools-for-stm32.9-2020-q2-update.win32_2.0.0.202105311346/tools/bin/../lib/gcc/arm-none-eabi/9.3.1/thumb/v7e-m+fp/hard/crtbegin.o
 .text          0x00000000080001e0       0x10 c:/st/stm32cubeide_1.7.0/stm32cubeide/plugins/com.st.stm32cube.ide.mcu.externaltools.gnu-tools-for-stm32.9-2020-q2-update.win32_2.0.0.202105311346/tools/bin/../lib/gcc/arm-none-eabi/9.3.1/../../../../arm-none-eabi/lib/thumb/v7e-m+fp/hard\libc_nano.a(lib_a-strlen.o)
                0x00000000080001e0                strlen
 .text          0x00000000080001f0       0xa0 c:/st/stm32cubeide_1.7.0/stm32cubeide/plugins/com.st.stm32cube.ide.mcu.externaltools.gnu-tools-for-stm32.9-2020-q2-update.win32_2.0.0.202105311346/tools/bin/../lib/gcc/arm-none-eabi/9.3.1/../../../../arm-none-eabi/lib/thumb/v7e-m+fp/hard\libc_nano.a(lib_a-memchr.o)
                0x00000000080001f0                memchr
 .text          0x0000000008000290       0x30 c:/st/stm32cubeide_1.7.0/stm32cubeide/plugins/com.st.stm32cube.ide.mcu.externaltools.gnu-tools-for-stm32.9-2020-q2-update.win32_2.0.0.202105311346/tools/bin/../lib/gcc/arm-none-eabi/9.3.1/thumb/v7e-m+fp/hard\libgcc.a(_aeabi_uldivmod.o)
                0x0000000008000290                __aeabi_uldivmod
 .text          0x00000000080002c0      0x2c4 c:/st/stm32cubeide_1.7.0/stm32cubeide/plugins/com.st.stm32cube.ide.mcu.externaltools.gnu-tools-for-stm32.9-2020-q2-update.win32_2.0.0.202105311346/tools/bin/../lib/gcc/arm-none-eabi/9.3.1/thumb/v7e-m+fp/hard\libgcc.a(_udivmoddi4.o)
                0x00000000080002c0                __udivmoddi4
 .text          0x0000000008000584        0x4 c:/st/stm32cubeide_1.7.0/stm32cubeide/plugins/com.st.stm32cube.ide.mcu.externaltools.gnu-tools-for-stm32.9-2020-q2-update.win32_2.0.0.202105311346/tools/bin/../lib/gcc/arm-none-eabi/9.3.1/thumb/v7e-m+fp/hard\libgcc.a(_dvmd_tls.o)
                0x0000000008000584                __aeabi_idiv0
                0x0000000008000584                __aeabi_ldiv0
 *(.text*)
 .text.HAL_Init
                0x0000000008000588       0x44 ./Drivers/STM32F4xx_HAL_Driver/Src/stm32f4xx_hal.o
                0x0000000008000588                HAL_Init
 .text.HAL_InitTick
                0x00000000080005cc       0x60 ./Drivers/STM32F4xx_HAL_Driver/Src/stm32f4xx_hal.o
                0x00000000080005cc                HAL_InitTick
 .text.HAL_IncTick
                0x000000000800062c       0x28 ./Drivers/STM32F4xx_HAL_Driver/Src/stm32f4xx_hal.o
                0x000000000800062c                HAL_IncTick
 .text.HAL_GetTick
                0x0000000008000654       0x18 ./Drivers/STM32F4xx_HAL_Driver/Src/stm32f4xx_hal.o
                0x0000000008000654                HAL_GetTick
 .text.HAL_Delay
                0x000000000800066c       0x48 ./Drivers/STM32F4xx_HAL_Driver/Src/stm32f4xx_hal.o
                0x000000000800066c                HAL_Delay
 .text.__NVIC_SetPriorityGrouping
                0x00000000080006b4       0x48 ./Drivers/STM32F4xx_HAL_Driver/Src/stm32f4xx_hal_cortex.o
 .text.__NVIC_GetPriorityGrouping
                0x00000000080006fc       0x1c ./Drivers/STM32F4xx_HAL_Driver/Src/stm32f4xx_hal_cortex.o
 .text.__NVIC_SetPriority
                0x0000000008000718       0x54 ./Drivers/STM32F4xx_HAL_Driver/Src/stm32f4xx_hal_cortex.o
 .text.NVIC_EncodePriority
                0x000000000800076c       0x66 ./Drivers/STM32F4xx_HAL_Driver/Src/stm32f4xx_hal_cortex.o
 *fill*         0x00000000080007d2        0x2 
 .text.SysTick_Config
                0x00000000080007d4       0x44 ./Drivers/STM32F4xx_HAL_Driver/Src/stm32f4xx_hal_cortex.o
 .text.HAL_NVIC_SetPriorityGrouping
                0x0000000008000818       0x16 ./Drivers/STM32F4xx_HAL_Driver/Src/stm32f4xx_hal_cortex.o
                0x0000000008000818                HAL_NVIC_SetPriorityGrouping
 .text.HAL_NVIC_SetPriority
                0x000000000800082e       0x38 ./Drivers/STM32F4xx_HAL_Driver/Src/stm32f4xx_hal_cortex.o
                0x000000000800082e                HAL_NVIC_SetPriority
 .text.HAL_SYSTICK_Config
                0x0000000008000866       0x18 ./Drivers/STM32F4xx_HAL_Driver/Src/stm32f4xx_hal_cortex.o
                0x0000000008000866                HAL_SYSTICK_Config
 *fill*         0x000000000800087e        0x2 
 .text.HAL_GPIO_Init
                0x0000000008000880      0x308 ./Drivers/STM32F4xx_HAL_Driver/Src/stm32f4xx_hal_gpio.o
                0x0000000008000880                HAL_GPIO_Init
 .text.HAL_GPIO_WritePin
                0x0000000008000b88       0x32 ./Drivers/STM32F4xx_HAL_Driver/Src/stm32f4xx_hal_gpio.o
                0x0000000008000b88                HAL_GPIO_WritePin
 *fill*         0x0000000008000bba        0x2 
 .text.HAL_RCC_OscConfig
                0x0000000008000bbc      0x4f0 ./Drivers/STM32F4xx_HAL_Driver/Src/stm32f4xx_hal_rcc.o
                0x0000000008000bbc                HAL_RCC_OscConfig
 .text.HAL_RCC_ClockConfig
                0x00000000080010ac      0x1cc ./Drivers/STM32F4xx_HAL_Driver/Src/stm32f4xx_hal_rcc.o
                0x00000000080010ac                HAL_RCC_ClockConfig
 .text.HAL_RCC_GetSysClockFreq
                0x0000000008001278      0x1c4 ./Drivers/STM32F4xx_HAL_Driver/Src/stm32f4xx_hal_rcc.o
                0x0000000008001278                HAL_RCC_GetSysClockFreq
 .text.HAL_RCC_GetHCLKFreq
                0x000000000800143c       0x18 ./Drivers/STM32F4xx_HAL_Driver/Src/stm32f4xx_hal_rcc.o
                0x000000000800143c                HAL_RCC_GetHCLKFreq
 .text.HAL_RCC_GetPCLK1Freq
                0x0000000008001454       0x28 ./Drivers/STM32F4xx_HAL_Driver/Src/stm32f4xx_hal_rcc.o
                0x0000000008001454                HAL_RCC_GetPCLK1Freq
 .text.HAL_RCC_GetPCLK2Freq
                0x000000000800147c       0x28 ./Drivers/STM32F4xx_HAL_Driver/Src/stm32f4xx_hal_rcc.o
                0x000000000800147c                HAL_RCC_GetPCLK2Freq
 .text.HAL_SPI_Init
                0x00000000080014a4      0x112 ./Drivers/STM32F4xx_HAL_Driver/Src/stm32f4xx_hal_spi.o
                0x00000000080014a4                HAL_SPI_Init
 .text.HAL_SPI_Transmit
                0x00000000080015b6      0x278 ./Drivers/STM32F4xx_HAL_Driver/Src/stm32f4xx_hal_spi.o
                0x00000000080015b6                HAL_SPI_Transmit
 .text.HAL_SPI_TransmitReceive
                0x000000000800182e      0x344 ./Drivers/STM32F4xx_HAL_Driver/Src/stm32f4xx_hal_spi.o
                0x000000000800182e                HAL_SPI_TransmitReceive
 *fill*         0x0000000008001b72        0x2 
 .text.SPI_WaitFlagStateUntilTimeout
                0x0000000008001b74      0x110 ./Drivers/STM32F4xx_HAL_Driver/Src/stm32f4xx_hal_spi.o
 .text.SPI_EndRxTxTransaction
                0x0000000008001c84       0x84 ./Drivers/STM32F4xx_HAL_Driver/Src/stm32f4xx_hal_spi.o
 .text.HAL_UART_Init
                0x0000000008001d08       0x9a ./Drivers/STM32F4xx_HAL_Driver/Src/stm32f4xx_hal_uart.o
                0x0000000008001d08                HAL_UART_Init
 .text.HAL_UART_Transmit
                0x0000000008001da2      0x124 ./Drivers/STM32F4xx_HAL_Driver/Src/stm32f4xx_hal_uart.o
                0x0000000008001da2                HAL_UART_Transmit
 .text.UART_WaitOnFlagUntilTimeout
                0x0000000008001ec6       0xdc ./Drivers/STM32F4xx_HAL_Driver/Src/stm32f4xx_hal_uart.o
 *fill*         0x0000000008001fa2        0x2 
 .text.UART_SetConfig
                0x0000000008001fa4      0x390 ./Drivers/STM32F4xx_HAL_Driver/Src/stm32f4xx_hal_uart.o
 .text.disk_status
                0x0000000008002334       0x34 ./Middlewares/Third_Party/FatFs/src/diskio.o
                0x0000000008002334                disk_status
 .text.disk_initialize
                0x0000000008002368       0x4c ./Middlewares/Third_Party/FatFs/src/diskio.o
                0x0000000008002368                disk_initialize
 .text.disk_read
                0x00000000080023b4       0x40 ./Middlewares/Third_Party/FatFs/src/diskio.o
                0x00000000080023b4                disk_read
 .text.disk_write
                0x00000000080023f4       0x40 ./Middlewares/Third_Party/FatFs/src/diskio.o
                0x00000000080023f4                disk_write
 .text.disk_ioctl
                0x0000000008002434       0x3c ./Middlewares/Third_Party/FatFs/src/diskio.o
                0x0000000008002434                disk_ioctl
 .text.ld_word  0x0000000008002470       0x30 ./Middlewares/Third_Party/FatFs/src/ff.o
 .text.ld_dword
                0x00000000080024a0       0x46 ./Middlewares/Third_Party/FatFs/src/ff.o
 .text.st_word  0x00000000080024e6       0x36 ./Middlewares/Third_Party/FatFs/src/ff.o
 .text.st_dword
                0x000000000800251c       0x58 ./Middlewares/Third_Party/FatFs/src/ff.o
 .text.mem_cpy  0x0000000008002574       0x42 ./Middlewares/Third_Party/FatFs/src/ff.o
 .text.mem_set  0x00000000080025b6       0x36 ./Middlewares/Third_Party/FatFs/src/ff.o
 .text.mem_cmp  0x00000000080025ec       0x4e ./Middlewares/Third_Party/FatFs/src/ff.o
 .text.chk_chr  0x000000000800263a       0x36 ./Middlewares/Third_Party/FatFs/src/ff.o
 .text.chk_lock
                0x0000000008002670       0xb8 ./Middlewares/Third_Party/FatFs/src/ff.o
 .text.enq_lock
                0x0000000008002728       0x44 ./Middlewares/Third_Party/FatFs/src/ff.o
 .text.inc_lock
                0x000000000800276c      0x11c ./Middlewares/Third_Party/FatFs/src/ff.o
 .text.dec_lock
                0x0000000008002888       0x78 ./Middlewares/Third_Party/FatFs/src/ff.o
 .text.clear_lock
                0x0000000008002900       0x48 ./Middlewares/Third_Party/FatFs/src/ff.o
 .text.sync_window
                0x0000000008002948       0x88 ./Middlewares/Third_Party/FatFs/src/ff.o
 .text.move_window
                0x00000000080029d0       0x5a ./Middlewares/Third_Party/FatFs/src/ff.o
 *fill*         0x0000000008002a2a        0x2 
 .text.sync_fs  0x0000000008002a2c       0xe0 ./Middlewares/Third_Party/FatFs/src/ff.o
 .text.clust2sect
                0x0000000008002b0c       0x3e ./Middlewares/Third_Party/FatFs/src/ff.o
 .text.get_fat  0x0000000008002b4a      0x1a8 ./Middlewares/Third_Party/FatFs/src/ff.o
 .text.put_fat  0x0000000008002cf2      0x238 ./Middlewares/Third_Party/FatFs/src/ff.o
 .text.remove_chain
                0x0000000008002f2a       0xca ./Middlewares/Third_Party/FatFs/src/ff.o
 .text.create_chain
                0x0000000008002ff4      0x130 ./Middlewares/Third_Party/FatFs/src/ff.o
 .text.clmt_clust
                0x0000000008003124       0x70 ./Middlewares/Third_Party/FatFs/src/ff.o
 .text.dir_sdi  0x0000000008003194      0x112 ./Middlewares/Third_Party/FatFs/src/ff.o
 .text.dir_next
                0x00000000080032a6      0x1ac ./Middlewares/Third_Party/FatFs/src/ff.o
 .text.dir_alloc
                0x0000000008003452       0x8e ./Middlewares/Third_Party/FatFs/src/ff.o
 .text.ld_clust
                0x00000000080034e0       0x3e ./Middlewares/Third_Party/FatFs/src/ff.o
 .text.st_clust
                0x000000000800351e       0x40 ./Middlewares/Third_Party/FatFs/src/ff.o
 *fill*         0x000000000800355e        0x2 
 .text.cmp_lfn  0x0000000008003560       0xe0 ./Middlewares/Third_Party/FatFs/src/ff.o
 .text.pick_lfn
                0x0000000008003640       0xc8 ./Middlewares/Third_Party/FatFs/src/ff.o
 .text.put_lfn  0x0000000008003708       0xd0 ./Middlewares/Third_Party/FatFs/src/ff.o
 .text.gen_numname
                0x00000000080037d8      0x120 ./Middlewares/Third_Party/FatFs/src/ff.o
 .text.sum_sfn  0x00000000080038f8       0x42 ./Middlewares/Third_Party/FatFs/src/ff.o
 .text.dir_read
                0x000000000800393a      0x14e ./Middlewares/Third_Party/FatFs/src/ff.o
 .text.dir_find
                0x0000000008003a88      0x180 ./Middlewares/Third_Party/FatFs/src/ff.o
 .text.dir_register
                0x0000000008003c08      0x1f0 ./Middlewares/Third_Party/FatFs/src/ff.o
 .text.dir_remove
                0x0000000008003df8       0x94 ./Middlewares/Third_Party/FatFs/src/ff.o
 .text.create_name
                0x0000000008003e8c      0x370 ./Middlewares/Third_Party/FatFs/src/ff.o
 .text.follow_path
                0x00000000080041fc       0xec ./Middlewares/Third_Party/FatFs/src/ff.o
 .text.get_ldnumber
                0x00000000080042e8       0x88 ./Middlewares/Third_Party/FatFs/src/ff.o
 .text.check_fs
                0x0000000008004370       0xac ./Middlewares/Third_Party/FatFs/src/ff.o
 .text.find_volume
                0x000000000800441c      0x4fc ./Middlewares/Third_Party/FatFs/src/ff.o
 .text.validate
                0x0000000008004918       0x6a ./Middlewares/Third_Party/FatFs/src/ff.o
 *fill*         0x0000000008004982        0x2 
 .text.f_mount  0x0000000008004984       0x8c ./Middlewares/Third_Party/FatFs/src/ff.o
                0x0000000008004984                f_mount
 .text.f_open   0x0000000008004a10      0x398 ./Middlewares/Third_Party/FatFs/src/ff.o
                0x0000000008004a10                f_open
 .text.f_read   0x0000000008004da8      0x2be ./Middlewares/Third_Party/FatFs/src/ff.o
                0x0000000008004da8                f_read
 .text.f_write  0x0000000008005066      0x328 ./Middlewares/Third_Party/FatFs/src/ff.o
                0x0000000008005066                f_write
 .text.f_sync   0x000000000800538e       0xfc ./Middlewares/Third_Party/FatFs/src/ff.o
                0x000000000800538e                f_sync
 .text.f_close  0x000000000800548a       0x54 ./Middlewares/Third_Party/FatFs/src/ff.o
                0x000000000800548a                f_close
 .text.f_lseek  0x00000000080054de      0x448 ./Middlewares/Third_Party/FatFs/src/ff.o
                0x00000000080054de                f_lseek
 .text.f_getfree
                0x0000000008005926      0x16a ./Middlewares/Third_Party/FatFs/src/ff.o
                0x0000000008005926                f_getfree
 .text.f_unlink
                0x0000000008005a90      0x156 ./Middlewares/Third_Party/FatFs/src/ff.o
                0x0000000008005a90                f_unlink
 .text.f_gets   0x0000000008005be6       0x7a ./Middlewares/Third_Party/FatFs/src/ff.o
                0x0000000008005be6                f_gets
 .text.putc_bfd
                0x0000000008005c60       0x7a ./Middlewares/Third_Party/FatFs/src/ff.o
 .text.putc_flush
                0x0000000008005cda       0x4a ./Middlewares/Third_Party/FatFs/src/ff.o
 .text.putc_init
                0x0000000008005d24       0x2a ./Middlewares/Third_Party/FatFs/src/ff.o
 .text.f_puts   0x0000000008005d4e       0x48 ./Middlewares/Third_Party/FatFs/src/ff.o
                0x0000000008005d4e                f_puts
 *fill*         0x0000000008005d96        0x2 
 .text.FATFS_LinkDriverEx
                0x0000000008005d98       0x98 ./Middlewares/Third_Party/FatFs/src/ff_gen_drv.o
                0x0000000008005d98                FATFS_LinkDriverEx
 .text.FATFS_LinkDriver
                0x0000000008005e30       0x1e ./Middlewares/Third_Party/FatFs/src/ff_gen_drv.o
                0x0000000008005e30                FATFS_LinkDriver
 *fill*         0x0000000008005e4e        0x2 
 .text.ff_convert
                0x0000000008005e50       0x78 ./Middlewares/Third_Party/FatFs/src/option/ccsbcs.o
                0x0000000008005e50                ff_convert
 .text.ff_wtoupper
                0x0000000008005ec8      0x114 ./Middlewares/Third_Party/FatFs/src/option/ccsbcs.o
                0x0000000008005ec8                ff_wtoupper
 .text.MX_FATFS_Init
                0x0000000008005fdc       0x24 ./Src/fatfs.o
                0x0000000008005fdc                MX_FATFS_Init
 .text.get_fattime
                0x0000000008006000       0x10 ./Src/fatfs.o
                0x0000000008006000                get_fattime
 .text.SELECT   0x0000000008006010       0x1c ./Src/fatfs_sd.o
 .text.DESELECT
                0x000000000800602c       0x1c ./Src/fatfs_sd.o
 .text.SPI_TxByte
                0x0000000008006048       0x34 ./Src/fatfs_sd.o
 .text.SPI_TxBuffer
                0x000000000800607c       0x34 ./Src/fatfs_sd.o
 .text.SPI_RxByte
                0x00000000080060b0       0x38 ./Src/fatfs_sd.o
 .text.SPI_RxBytePtr
                0x00000000080060e8       0x1c ./Src/fatfs_sd.o
 .text.SD_ReadyWait
                0x0000000008006104       0x34 ./Src/fatfs_sd.o
 .text.SD_PowerOn
                0x0000000008006138       0x84 ./Src/fatfs_sd.o
 .text.SD_PowerOff
                0x00000000080061bc       0x18 ./Src/fatfs_sd.o
 .text.SD_CheckPower
                0x00000000080061d4       0x18 ./Src/fatfs_sd.o
 .text.SD_RxDataBlock
                0x00000000080061ec       0x60 ./Src/fatfs_sd.o
 .text.SD_TxDataBlock
                0x000000000800624c       0x86 ./Src/fatfs_sd.o
 .text.SD_SendCmd
                0x00000000080062d2       0xa8 ./Src/fatfs_sd.o
 *fill*         0x000000000800637a        0x2 
 .text.SD_disk_initialize
                0x000000000800637c      0x1d8 ./Src/fatfs_sd.o
                0x000000000800637c                SD_disk_initialize
 .text.SD_disk_status
                0x0000000008006554       0x2c ./Src/fatfs_sd.o
                0x0000000008006554                SD_disk_status
 .text.SD_disk_read
                0x0000000008006580       0xd4 ./Src/fatfs_sd.o
                0x0000000008006580                SD_disk_read
 .text.SD_disk_write
                0x0000000008006654      0x108 ./Src/fatfs_sd.o
                0x0000000008006654                SD_disk_write
 .text.SD_disk_ioctl
                0x000000000800675c      0x258 ./Src/fatfs_sd.o
                0x000000000800675c                SD_disk_ioctl
 .text.main     0x00000000080069b4      0x330 ./Src/main.o
                0x00000000080069b4                main
 .text.bufsize  0x0000000008006ce4       0x2e ./Src/main.o
                0x0000000008006ce4                bufsize
 *fill*         0x0000000008006d12        0x2 
 .text.bufclear
                0x0000000008006d14       0x34 ./Src/main.o
                0x0000000008006d14                bufclear
 .text.bufsend  0x0000000008006d48       0x2c ./Src/main.o
                0x0000000008006d48                bufsend
 .text.SystemClock_Config
                0x0000000008006d74       0xd0 ./Src/main.o
                0x0000000008006d74                SystemClock_Config
 .text.MX_SPI1_Init
                0x0000000008006e44       0x6c ./Src/main.o
 .text.MX_USART1_UART_Init
                0x0000000008006eb0       0x54 ./Src/main.o
 .text.MX_GPIO_Init
                0x0000000008006f04       0xa0 ./Src/main.o
 .text.Error_Handler
                0x0000000008006fa4        0xa ./Src/main.o
                0x0000000008006fa4                Error_Handler
 *fill*         0x0000000008006fae        0x2 
 .text.HAL_MspInit
                0x0000000008006fb0       0x50 ./Src/stm32f4xx_hal_msp.o
                0x0000000008006fb0                HAL_MspInit
 .text.HAL_SPI_MspInit
                0x0000000008007000       0x90 ./Src/stm32f4xx_hal_msp.o
                0x0000000008007000                HAL_SPI_MspInit
 .text.HAL_UART_MspInit
                0x0000000008007090       0x90 ./Src/stm32f4xx_hal_msp.o
                0x0000000008007090                HAL_UART_MspInit
 .text.NMI_Handler
                0x0000000008007120        0x6 ./Src/stm32f4xx_it.o
                0x0000000008007120                NMI_Handler
 .text.HardFault_Handler
                0x0000000008007126        0x6 ./Src/stm32f4xx_it.o
                0x0000000008007126                HardFault_Handler
 .text.MemManage_Handler
                0x000000000800712c        0x6 ./Src/stm32f4xx_it.o
                0x000000000800712c                MemManage_Handler
 .text.BusFault_Handler
                0x0000000008007132        0x6 ./Src/stm32f4xx_it.o
                0x0000000008007132                BusFault_Handler
 .text.UsageFault_Handler
                0x0000000008007138        0x6 ./Src/stm32f4xx_it.o
                0x0000000008007138                UsageFault_Handler
 .text.SVC_Handler
                0x000000000800713e        0xe ./Src/stm32f4xx_it.o
                0x000000000800713e                SVC_Handler
 .text.DebugMon_Handler
                0x000000000800714c        0xe ./Src/stm32f4xx_it.o
                0x000000000800714c                DebugMon_Handler
 .text.PendSV_Handler
                0x000000000800715a        0xe ./Src/stm32f4xx_it.o
                0x000000000800715a                PendSV_Handler
 .text.SDTimer_Handler
                0x0000000008007168       0x48 ./Src/stm32f4xx_it.o
                0x0000000008007168                SDTimer_Handler
 .text.SysTick_Handler
                0x00000000080071b0       0x34 ./Src/stm32f4xx_it.o
                0x00000000080071b0                SysTick_Handler
 .text._sbrk    0x00000000080071e4       0x6c ./Src/sysmem.o
                0x00000000080071e4                _sbrk
 .text.SystemInit
                0x0000000008007250       0x24 ./Src/system_stm32f4xx.o
                0x0000000008007250                SystemInit
 .text.USER_initialize
                0x0000000008007274       0x1c ./Src/user_diskio.o
                0x0000000008007274                USER_initialize
 .text.USER_status
                0x0000000008007290       0x1c ./Src/user_diskio.o
                0x0000000008007290                USER_status
 .text.USER_read
                0x00000000080072ac       0x26 ./Src/user_diskio.o
                0x00000000080072ac                USER_read
 .text.USER_write
                0x00000000080072d2       0x26 ./Src/user_diskio.o
                0x00000000080072d2                USER_write
 .text.USER_ioctl
                0x00000000080072f8       0x26 ./Src/user_diskio.o
                0x00000000080072f8                USER_ioctl
 *fill*         0x000000000800731e        0x2 
 .text.Reset_Handler
                0x0000000008007320       0x50 ./Startup/startup_stm32f411retx.o
                0x0000000008007320                Reset_Handler
 .text.Default_Handler
                0x0000000008007370        0x2 ./Startup/startup_stm32f411retx.o
                0x0000000008007370                RTC_Alarm_IRQHandler
                0x0000000008007370                EXTI2_IRQHandler
                0x0000000008007370                SPI4_IRQHandler
                0x0000000008007370                TIM1_CC_IRQHandler
                0x0000000008007370                DMA2_Stream5_IRQHandler
                0x0000000008007370                DMA1_Stream5_IRQHandler
                0x0000000008007370                PVD_IRQHandler
                0x0000000008007370                SDIO_IRQHandler
                0x0000000008007370                TAMP_STAMP_IRQHandler
                0x0000000008007370                EXTI3_IRQHandler
                0x0000000008007370                TIM1_UP_TIM10_IRQHandler
                0x0000000008007370                I2C3_ER_IRQHandler
                0x0000000008007370                EXTI0_IRQHandler
                0x0000000008007370                I2C2_EV_IRQHandler
                0x0000000008007370                DMA1_Stream2_IRQHandler
                0x0000000008007370                FPU_IRQHandler
                0x0000000008007370                DMA2_Stream2_IRQHandler
                0x0000000008007370                SPI1_IRQHandler
                0x0000000008007370                TIM1_BRK_TIM9_IRQHandler
                0x0000000008007370                DMA2_Stream3_IRQHandler
                0x0000000008007370                USART6_IRQHandler
                0x0000000008007370                DMA2_Stream0_IRQHandler
                0x0000000008007370                TIM4_IRQHandler
                0x0000000008007370                I2C1_EV_IRQHandler
                0x0000000008007370                DMA1_Stream6_IRQHandler
                0x0000000008007370                DMA1_Stream1_IRQHandler
                0x0000000008007370                TIM3_IRQHandler
                0x0000000008007370                RCC_IRQHandler
                0x0000000008007370                Default_Handler
                0x0000000008007370                EXTI15_10_IRQHandler
                0x0000000008007370                ADC_IRQHandler
                0x0000000008007370                DMA1_Stream7_IRQHandler
                0x0000000008007370                SPI5_IRQHandler
                0x0000000008007370                TIM5_IRQHandler
                0x0000000008007370                DMA2_Stream7_IRQHandler
                0x0000000008007370                I2C3_EV_IRQHandler
                0x0000000008007370                EXTI9_5_IRQHandler
                0x0000000008007370                RTC_WKUP_IRQHandler
                0x0000000008007370                SPI2_IRQHandler
                0x0000000008007370                DMA1_Stream0_IRQHandler
                0x0000000008007370                EXTI4_IRQHandler
                0x0000000008007370                WWDG_IRQHandler
                0x0000000008007370                TIM2_IRQHandler
                0x0000000008007370                OTG_FS_WKUP_IRQHandler
                0x0000000008007370                TIM1_TRG_COM_TIM11_IRQHandler
                0x0000000008007370                EXTI1_IRQHandler
                0x0000000008007370                USART2_IRQHandler
                0x0000000008007370                I2C2_ER_IRQHandler
                0x0000000008007370                DMA2_Stream1_IRQHandler
                0x0000000008007370                FLASH_IRQHandler
                0x0000000008007370                DMA2_Stream4_IRQHandler
                0x0000000008007370                USART1_IRQHandler
                0x0000000008007370                OTG_FS_IRQHandler
                0x0000000008007370                SPI3_IRQHandler
                0x0000000008007370                DMA1_Stream4_IRQHandler
                0x0000000008007370                I2C1_ER_IRQHandler
                0x0000000008007370                DMA2_Stream6_IRQHandler
                0x0000000008007370                DMA1_Stream3_IRQHandler
 *fill*         0x0000000008007372        0x2 
 .text.__errno  0x0000000008007374        0xc c:/st/stm32cubeide_1.7.0/stm32cubeide/plugins/com.st.stm32cube.ide.mcu.externaltools.gnu-tools-for-stm32.9-2020-q2-update.win32_2.0.0.202105311346/tools/bin/../lib/gcc/arm-none-eabi/9.3.1/../../../../arm-none-eabi/lib/thumb/v7e-m+fp/hard\libc_nano.a(lib_a-errno.o)
                0x0000000008007374                __errno
 .text.__libc_init_array
                0x0000000008007380       0x48 c:/st/stm32cubeide_1.7.0/stm32cubeide/plugins/com.st.stm32cube.ide.mcu.externaltools.gnu-tools-for-stm32.9-2020-q2-update.win32_2.0.0.202105311346/tools/bin/../lib/gcc/arm-none-eabi/9.3.1/../../../../arm-none-eabi/lib/thumb/v7e-m+fp/hard\libc_nano.a(lib_a-init.o)
                0x0000000008007380                __libc_init_array
 .text.memcpy   0x00000000080073c8       0x1c c:/st/stm32cubeide_1.7.0/stm32cubeide/plugins/com.st.stm32cube.ide.mcu.externaltools.gnu-tools-for-stm32.9-2020-q2-update.win32_2.0.0.202105311346/tools/bin/../lib/gcc/arm-none-eabi/9.3.1/../../../../arm-none-eabi/lib/thumb/v7e-m+fp/hard\libc_nano.a(lib_a-memcpy-stub.o)
                0x00000000080073c8                memcpy
 .text.memset   0x00000000080073e4       0x10 c:/st/stm32cubeide_1.7.0/stm32cubeide/plugins/com.st.stm32cube.ide.mcu.externaltools.gnu-tools-for-stm32.9-2020-q2-update.win32_2.0.0.202105311346/tools/bin/../lib/gcc/arm-none-eabi/9.3.1/../../../../arm-none-eabi/lib/thumb/v7e-m+fp/hard\libc_nano.a(lib_a-memset.o)
                0x00000000080073e4                memset
 .text.sprintf  0x00000000080073f4       0x40 c:/st/stm32cubeide_1.7.0/stm32cubeide/plugins/com.st.stm32cube.ide.mcu.externaltools.gnu-tools-for-stm32.9-2020-q2-update.win32_2.0.0.202105311346/tools/bin/../lib/gcc/arm-none-eabi/9.3.1/../../../../arm-none-eabi/lib/thumb/v7e-m+fp/hard\libc_nano.a(lib_a-sprintf.o)
                0x00000000080073f4                siprintf
                0x00000000080073f4                sprintf
 .text.__ssputs_r
                0x0000000008007434       0xb6 c:/st/stm32cubeide_1.7.0/stm32cubeide/plugins/com.st.stm32cube.ide.mcu.externaltools.gnu-tools-for-stm32.9-2020-q2-update.win32_2.0.0.202105311346/tools/bin/../lib/gcc/arm-none-eabi/9.3.1/../../../../arm-none-eabi/lib/thumb/v7e-m+fp/hard\libc_nano.a(lib_a-nano-svfprintf.o)
                0x0000000008007434                __ssputs_r
 *fill*         0x00000000080074ea        0x2 
 .text._svfprintf_r
                0x00000000080074ec      0x200 c:/st/stm32cubeide_1.7.0/stm32cubeide/plugins/com.st.stm32cube.ide.mcu.externaltools.gnu-tools-for-stm32.9-2020-q2-update.win32_2.0.0.202105311346/tools/bin/../lib/gcc/arm-none-eabi/9.3.1/../../../../arm-none-eabi/lib/thumb/v7e-m+fp/hard\libc_nano.a(lib_a-nano-svfprintf.o)
                0x00000000080074ec                _svfiprintf_r
                0x00000000080074ec                _svfprintf_r
 .text._printf_common
                0x00000000080076ec       0xda c:/st/stm32cubeide_1.7.0/stm32cubeide/plugins/com.st.stm32cube.ide.mcu.externaltools.gnu-tools-for-stm32.9-2020-q2-update.win32_2.0.0.202105311346/tools/bin/../lib/gcc/arm-none-eabi/9.3.1/../../../../arm-none-eabi/lib/thumb/v7e-m+fp/hard\libc_nano.a(lib_a-nano-vfprintf_i.o)
                0x00000000080076ec                _printf_common
 *fill*         0x00000000080077c6        0x2 
 .text._printf_i
                0x00000000080077c8      0x24c c:/st/stm32cubeide_1.7.0/stm32cubeide/plugins/com.st.stm32cube.ide.mcu.externaltools.gnu-tools-for-stm32.9-2020-q2-update.win32_2.0.0.202105311346/tools/bin/../lib/gcc/arm-none-eabi/9.3.1/../../../../arm-none-eabi/lib/thumb/v7e-m+fp/hard\libc_nano.a(lib_a-nano-vfprintf_i.o)
                0x00000000080077c8                _printf_i
 .text.memmove  0x0000000008007a14       0x34 c:/st/stm32cubeide_1.7.0/stm32cubeide/plugins/com.st.stm32cube.ide.mcu.externaltools.gnu-tools-for-stm32.9-2020-q2-update.win32_2.0.0.202105311346/tools/bin/../lib/gcc/arm-none-eabi/9.3.1/../../../../arm-none-eabi/lib/thumb/v7e-m+fp/hard\libc_nano.a(lib_a-memmove.o)
                0x0000000008007a14                memmove
 .text._free_r  0x0000000008007a48       0xa0 c:/st/stm32cubeide_1.7.0/stm32cubeide/plugins/com.st.stm32cube.ide.mcu.externaltools.gnu-tools-for-stm32.9-2020-q2-update.win32_2.0.0.202105311346/tools/bin/../lib/gcc/arm-none-eabi/9.3.1/../../../../arm-none-eabi/lib/thumb/v7e-m+fp/hard\libc_nano.a(lib_a-nano-freer.o)
                0x0000000008007a48                _free_r
 .text._malloc_r
                0x0000000008007ae8       0xb4 c:/st/stm32cubeide_1.7.0/stm32cubeide/plugins/com.st.stm32cube.ide.mcu.externaltools.gnu-tools-for-stm32.9-2020-q2-update.win32_2.0.0.202105311346/tools/bin/../lib/gcc/arm-none-eabi/9.3.1/../../../../arm-none-eabi/lib/thumb/v7e-m+fp/hard\libc_nano.a(lib_a-nano-mallocr.o)
                0x0000000008007ae8                _malloc_r
 .text._realloc_r
                0x0000000008007b9c       0x4c c:/st/stm32cubeide_1.7.0/stm32cubeide/plugins/com.st.stm32cube.ide.mcu.externaltools.gnu-tools-for-stm32.9-2020-q2-update.win32_2.0.0.202105311346/tools/bin/../lib/gcc/arm-none-eabi/9.3.1/../../../../arm-none-eabi/lib/thumb/v7e-m+fp/hard\libc_nano.a(lib_a-nano-reallocr.o)
                0x0000000008007b9c                _realloc_r
 .text._sbrk_r  0x0000000008007be8       0x20 c:/st/stm32cubeide_1.7.0/stm32cubeide/plugins/com.st.stm32cube.ide.mcu.externaltools.gnu-tools-for-stm32.9-2020-q2-update.win32_2.0.0.202105311346/tools/bin/../lib/gcc/arm-none-eabi/9.3.1/../../../../arm-none-eabi/lib/thumb/v7e-m+fp/hard\libc_nano.a(lib_a-sbrkr.o)
                0x0000000008007be8                _sbrk_r
 .text.__malloc_lock
                0x0000000008007c08        0xc c:/st/stm32cubeide_1.7.0/stm32cubeide/plugins/com.st.stm32cube.ide.mcu.externaltools.gnu-tools-for-stm32.9-2020-q2-update.win32_2.0.0.202105311346/tools/bin/../lib/gcc/arm-none-eabi/9.3.1/../../../../arm-none-eabi/lib/thumb/v7e-m+fp/hard\libc_nano.a(lib_a-mlock.o)
                0x0000000008007c08                __malloc_lock
 .text.__malloc_unlock
                0x0000000008007c14        0xc c:/st/stm32cubeide_1.7.0/stm32cubeide/plugins/com.st.stm32cube.ide.mcu.externaltools.gnu-tools-for-stm32.9-2020-q2-update.win32_2.0.0.202105311346/tools/bin/../lib/gcc/arm-none-eabi/9.3.1/../../../../arm-none-eabi/lib/thumb/v7e-m+fp/hard\libc_nano.a(lib_a-mlock.o)
                0x0000000008007c14                __malloc_unlock
 .text._malloc_usable_size_r
                0x0000000008007c20       0x10 c:/st/stm32cubeide_1.7.0/stm32cubeide/plugins/com.st.stm32cube.ide.mcu.externaltools.gnu-tools-for-stm32.9-2020-q2-update.win32_2.0.0.202105311346/tools/bin/../lib/gcc/arm-none-eabi/9.3.1/../../../../arm-none-eabi/lib/thumb/v7e-m+fp/hard\libc_nano.a(lib_a-nano-msizer.o)
                0x0000000008007c20                _malloc_usable_size_r
 .text.__retarget_lock_acquire_recursive
                0x0000000008007c30        0x2 c:/st/stm32cubeide_1.7.0/stm32cubeide/plugins/com.st.stm32cube.ide.mcu.externaltools.gnu-tools-for-stm32.9-2020-q2-update.win32_2.0.0.202105311346/tools/bin/../lib/gcc/arm-none-eabi/9.3.1/../../../../arm-none-eabi/lib/thumb/v7e-m+fp/hard\libc_nano.a(lib_a-lock.o)
                0x0000000008007c30                __retarget_lock_acquire_recursive
 .text.__retarget_lock_release_recursive
                0x0000000008007c32        0x2 c:/st/stm32cubeide_1.7.0/stm32cubeide/plugins/com.st.stm32cube.ide.mcu.externaltools.gnu-tools-for-stm32.9-2020-q2-update.win32_2.0.0.202105311346/tools/bin/../lib/gcc/arm-none-eabi/9.3.1/../../../../arm-none-eabi/lib/thumb/v7e-m+fp/hard\libc_nano.a(lib_a-lock.o)
                0x0000000008007c32                __retarget_lock_release_recursive
 *(.glue_7)
 .glue_7        0x0000000008007c34        0x0 linker stubs
 *(.glue_7t)
 .glue_7t       0x0000000008007c34        0x0 linker stubs
 *(.eh_frame)
 .eh_frame      0x0000000008007c34        0x0 c:/st/stm32cubeide_1.7.0/stm32cubeide/plugins/com.st.stm32cube.ide.mcu.externaltools.gnu-tools-for-stm32.9-2020-q2-update.win32_2.0.0.202105311346/tools/bin/../lib/gcc/arm-none-eabi/9.3.1/thumb/v7e-m+fp/hard/crtbegin.o
 *(.init)
 .init          0x0000000008007c34        0x4 c:/st/stm32cubeide_1.7.0/stm32cubeide/plugins/com.st.stm32cube.ide.mcu.externaltools.gnu-tools-for-stm32.9-2020-q2-update.win32_2.0.0.202105311346/tools/bin/../lib/gcc/arm-none-eabi/9.3.1/thumb/v7e-m+fp/hard/crti.o
                0x0000000008007c34                _init
 .init          0x0000000008007c38        0x8 c:/st/stm32cubeide_1.7.0/stm32cubeide/plugins/com.st.stm32cube.ide.mcu.externaltools.gnu-tools-for-stm32.9-2020-q2-update.win32_2.0.0.202105311346/tools/bin/../lib/gcc/arm-none-eabi/9.3.1/thumb/v7e-m+fp/hard/crtn.o
 *(.fini)
 .fini          0x0000000008007c40        0x4 c:/st/stm32cubeide_1.7.0/stm32cubeide/plugins/com.st.stm32cube.ide.mcu.externaltools.gnu-tools-for-stm32.9-2020-q2-update.win32_2.0.0.202105311346/tools/bin/../lib/gcc/arm-none-eabi/9.3.1/thumb/v7e-m+fp/hard/crti.o
                0x0000000008007c40                _fini
 .fini          0x0000000008007c44        0x8 c:/st/stm32cubeide_1.7.0/stm32cubeide/plugins/com.st.stm32cube.ide.mcu.externaltools.gnu-tools-for-stm32.9-2020-q2-update.win32_2.0.0.202105311346/tools/bin/../lib/gcc/arm-none-eabi/9.3.1/thumb/v7e-m+fp/hard/crtn.o
                0x0000000008007c4c                . = ALIGN (0x4)
                0x0000000008007c4c                _etext = .

.vfp11_veneer   0x0000000008007c4c        0x0
 .vfp11_veneer  0x0000000008007c4c        0x0 linker stubs

.v4_bx          0x0000000008007c4c        0x0
 .v4_bx         0x0000000008007c4c        0x0 linker stubs

.iplt           0x0000000008007c4c        0x0
 .iplt          0x0000000008007c4c        0x0 c:/st/stm32cubeide_1.7.0/stm32cubeide/plugins/com.st.stm32cube.ide.mcu.externaltools.gnu-tools-for-stm32.9-2020-q2-update.win32_2.0.0.202105311346/tools/bin/../lib/gcc/arm-none-eabi/9.3.1/thumb/v7e-m+fp/hard/crtbegin.o

.rodata         0x0000000008007c4c      0x794
                0x0000000008007c4c                . = ALIGN (0x4)
 *(.rodata)
 .rodata        0x0000000008007c4c       0x48 ./Middlewares/Third_Party/FatFs/src/ff.o
 .rodata        0x0000000008007c94      0x2bd ./Src/main.o
 *(.rodata*)
 *fill*         0x0000000008007f51        0x3 
 .rodata.ExCvt  0x0000000008007f54       0x80 ./Middlewares/Third_Party/FatFs/src/ff.o
 .rodata.LfnOfs
                0x0000000008007fd4        0xd ./Middlewares/Third_Party/FatFs/src/ff.o
 *fill*         0x0000000008007fe1        0x3 
 .rodata.Tbl    0x0000000008007fe4      0x100 ./Middlewares/Third_Party/FatFs/src/option/ccsbcs.o
 .rodata.cvt1.8481
                0x00000000080080e4      0x1f2 ./Middlewares/Third_Party/FatFs/src/option/ccsbcs.o
 *fill*         0x00000000080082d6        0x2 
 .rodata.cvt2.8482
                0x00000000080082d8       0xbc ./Middlewares/Third_Party/FatFs/src/option/ccsbcs.o
 .rodata.AHBPrescTable
                0x0000000008008394       0x10 ./Src/system_stm32f4xx.o
                0x0000000008008394                AHBPrescTable
 .rodata.APBPrescTable
                0x00000000080083a4        0x8 ./Src/system_stm32f4xx.o
                0x00000000080083a4                APBPrescTable
 .rodata._svfprintf_r.str1.1
                0x00000000080083ac       0x11 c:/st/stm32cubeide_1.7.0/stm32cubeide/plugins/com.st.stm32cube.ide.mcu.externaltools.gnu-tools-for-stm32.9-2020-q2-update.win32_2.0.0.202105311346/tools/bin/../lib/gcc/arm-none-eabi/9.3.1/../../../../arm-none-eabi/lib/thumb/v7e-m+fp/hard\libc_nano.a(lib_a-nano-svfprintf.o)
 .rodata._printf_i.str1.1
                0x00000000080083bd       0x22 c:/st/stm32cubeide_1.7.0/stm32cubeide/plugins/com.st.stm32cube.ide.mcu.externaltools.gnu-tools-for-stm32.9-2020-q2-update.win32_2.0.0.202105311346/tools/bin/../lib/gcc/arm-none-eabi/9.3.1/../../../../arm-none-eabi/lib/thumb/v7e-m+fp/hard\libc_nano.a(lib_a-nano-vfprintf_i.o)
                0x00000000080083e0                . = ALIGN (0x4)
 *fill*         0x00000000080083df        0x1 

.ARM.extab      0x00000000080083e0        0x0
                0x00000000080083e0                . = ALIGN (0x4)
 *(.ARM.extab* .gnu.linkonce.armextab.*)
                0x00000000080083e0                . = ALIGN (0x4)

.ARM            0x00000000080083e0        0x8
                0x00000000080083e0                . = ALIGN (0x4)
                0x00000000080083e0                __exidx_start = .
 *(.ARM.exidx*)
 .ARM.exidx     0x00000000080083e0        0x8 c:/st/stm32cubeide_1.7.0/stm32cubeide/plugins/com.st.stm32cube.ide.mcu.externaltools.gnu-tools-for-stm32.9-2020-q2-update.win32_2.0.0.202105311346/tools/bin/../lib/gcc/arm-none-eabi/9.3.1/thumb/v7e-m+fp/hard\libgcc.a(_udivmoddi4.o)
                0x00000000080083e8                __exidx_end = .
                0x00000000080083e8                . = ALIGN (0x4)

.rel.dyn        0x00000000080083e8        0x0
 .rel.iplt      0x00000000080083e8        0x0 c:/st/stm32cubeide_1.7.0/stm32cubeide/plugins/com.st.stm32cube.ide.mcu.externaltools.gnu-tools-for-stm32.9-2020-q2-update.win32_2.0.0.202105311346/tools/bin/../lib/gcc/arm-none-eabi/9.3.1/thumb/v7e-m+fp/hard/crtbegin.o

.preinit_array  0x00000000080083e8        0x0
                0x00000000080083e8                . = ALIGN (0x4)
                0x00000000080083e8                PROVIDE (__preinit_array_start = .)
 *(.preinit_array*)
                0x00000000080083e8                PROVIDE (__preinit_array_end = .)
                0x00000000080083e8                . = ALIGN (0x4)

.init_array     0x00000000080083e8        0x4
                0x00000000080083e8                . = ALIGN (0x4)
                0x00000000080083e8                PROVIDE (__init_array_start = .)
 *(SORT_BY_NAME(.init_array.*))
 *(.init_array*)
 .init_array    0x00000000080083e8        0x4 c:/st/stm32cubeide_1.7.0/stm32cubeide/plugins/com.st.stm32cube.ide.mcu.externaltools.gnu-tools-for-stm32.9-2020-q2-update.win32_2.0.0.202105311346/tools/bin/../lib/gcc/arm-none-eabi/9.3.1/thumb/v7e-m+fp/hard/crtbegin.o
                0x00000000080083ec                PROVIDE (__init_array_end = .)
                0x00000000080083ec                . = ALIGN (0x4)

.fini_array     0x00000000080083ec        0x4
                0x00000000080083ec                . = ALIGN (0x4)
                [!provide]                        PROVIDE (__fini_array_start = .)
 *(SORT_BY_NAME(.fini_array.*))
 *(.fini_array*)
 .fini_array    0x00000000080083ec        0x4 c:/st/stm32cubeide_1.7.0/stm32cubeide/plugins/com.st.stm32cube.ide.mcu.externaltools.gnu-tools-for-stm32.9-2020-q2-update.win32_2.0.0.202105311346/tools/bin/../lib/gcc/arm-none-eabi/9.3.1/thumb/v7e-m+fp/hard/crtbegin.o
                [!provide]                        PROVIDE (__fini_array_end = .)
                0x00000000080083f0                . = ALIGN (0x4)
                0x00000000080083f0                _sidata = LOADADDR (.data)

.data           0x0000000020000000       0x84 load address 0x00000000080083f0
                0x0000000020000000                . = ALIGN (0x4)
                0x0000000020000000                _sdata = .
 *(.data)
 *(.data*)
 .data.uwTickPrio
                0x0000000020000000        0x4 ./Drivers/STM32F4xx_HAL_Driver/Src/stm32f4xx_hal.o
                0x0000000020000000                uwTickPrio
 .data.uwTickFreq
                0x0000000020000004        0x1 ./Drivers/STM32F4xx_HAL_Driver/Src/stm32f4xx_hal.o
                0x0000000020000004                uwTickFreq
 .data.Stat     0x0000000020000005        0x1 ./Src/fatfs_sd.o
 *fill*         0x0000000020000006        0x2 
 .data.SystemCoreClock
                0x0000000020000008        0x4 ./Src/system_stm32f4xx.o
                0x0000000020000008                SystemCoreClock
 .data.USER_Driver
                0x000000002000000c       0x14 ./Src/user_diskio.o
                0x000000002000000c                USER_Driver
 .data._impure_ptr
                0x0000000020000020        0x4 c:/st/stm32cubeide_1.7.0/stm32cubeide/plugins/com.st.stm32cube.ide.mcu.externaltools.gnu-tools-for-stm32.9-2020-q2-update.win32_2.0.0.202105311346/tools/bin/../lib/gcc/arm-none-eabi/9.3.1/../../../../arm-none-eabi/lib/thumb/v7e-m+fp/hard\libc_nano.a(lib_a-impure.o)
                0x0000000020000020                _impure_ptr
 .data.impure_data
                0x0000000020000024       0x60 c:/st/stm32cubeide_1.7.0/stm32cubeide/plugins/com.st.stm32cube.ide.mcu.externaltools.gnu-tools-for-stm32.9-2020-q2-update.win32_2.0.0.202105311346/tools/bin/../lib/gcc/arm-none-eabi/9.3.1/../../../../arm-none-eabi/lib/thumb/v7e-m+fp/hard\libc_nano.a(lib_a-impure.o)
 *(.RamFunc)
 *(.RamFunc*)
                0x0000000020000084                . = ALIGN (0x4)
                0x0000000020000084                _edata = .

.igot.plt       0x0000000020000084        0x0 load address 0x0000000008008474
 .igot.plt      0x0000000020000084        0x0 c:/st/stm32cubeide_1.7.0/stm32cubeide/plugins/com.st.stm32cube.ide.mcu.externaltools.gnu-tools-for-stm32.9-2020-q2-update.win32_2.0.0.202105311346/tools/bin/../lib/gcc/arm-none-eabi/9.3.1/thumb/v7e-m+fp/hard/crtbegin.o
                0x0000000020000084                . = ALIGN (0x4)

.bss            0x0000000020000084     0x4620 load address 0x0000000008008474
                0x0000000020000084                _sbss = .
                0x0000000020000084                __bss_start__ = _sbss
 *(.bss)
 .bss           0x0000000020000084       0x1c c:/st/stm32cubeide_1.7.0/stm32cubeide/plugins/com.st.stm32cube.ide.mcu.externaltools.gnu-tools-for-stm32.9-2020-q2-update.win32_2.0.0.202105311346/tools/bin/../lib/gcc/arm-none-eabi/9.3.1/thumb/v7e-m+fp/hard/crtbegin.o
 *(.bss*)
 .bss.FatFs     0x00000000200000a0        0x4 ./Middlewares/Third_Party/FatFs/src/ff.o
 .bss.Fsid      0x00000000200000a4        0x2 ./Middlewares/Third_Party/FatFs/src/ff.o
 *fill*         0x00000000200000a6        0x2 
 .bss.Files     0x00000000200000a8       0x20 ./Middlewares/Third_Party/FatFs/src/ff.o
 .bss.LfnBuf    0x00000000200000c8      0x200 ./Middlewares/Third_Party/FatFs/src/ff.o
 .bss.disk      0x00000000200002c8        0xc ./Middlewares/Third_Party/FatFs/src/ff_gen_drv.o
                0x00000000200002c8                disk
 .bss.CardType  0x00000000200002d4        0x1 ./Src/fatfs_sd.o
 .bss.PowerFlag
                0x00000000200002d5        0x1 ./Src/fatfs_sd.o
 .bss.FatFsCnt  0x00000000200002d6        0x1 ./Src/stm32f4xx_it.o
                0x00000000200002d6                FatFsCnt
 *fill*         0x00000000200002d7        0x1 
 .bss.__sbrk_heap_end
                0x00000000200002d8        0x4 ./Src/sysmem.o
 .bss.__malloc_free_list
                0x00000000200002dc        0x4 c:/st/stm32cubeide_1.7.0/stm32cubeide/plugins/com.st.stm32cube.ide.mcu.externaltools.gnu-tools-for-stm32.9-2020-q2-update.win32_2.0.0.202105311346/tools/bin/../lib/gcc/arm-none-eabi/9.3.1/../../../../arm-none-eabi/lib/thumb/v7e-m+fp/hard\libc_nano.a(lib_a-nano-mallocr.o)
                0x00000000200002dc                __malloc_free_list
 .bss.__malloc_sbrk_start
                0x00000000200002e0        0x4 c:/st/stm32cubeide_1.7.0/stm32cubeide/plugins/com.st.stm32cube.ide.mcu.externaltools.gnu-tools-for-stm32.9-2020-q2-update.win32_2.0.0.202105311346/tools/bin/../lib/gcc/arm-none-eabi/9.3.1/../../../../arm-none-eabi/lib/thumb/v7e-m+fp/hard\libc_nano.a(lib_a-nano-mallocr.o)
                0x00000000200002e0                __malloc_sbrk_start
 *(COMMON)
 COMMON         0x00000000200002e4        0x4 ./Drivers/STM32F4xx_HAL_Driver/Src/stm32f4xx_hal.o
                0x00000000200002e4                uwTick
 COMMON         0x00000000200002e8     0x2070 ./Src/fatfs.o
                0x00000000200002e8                USERPath
                0x00000000200002ec                retUSER
                0x00000000200002f0                USERFile
                0x0000000020001320                USERFatFS
 COMMON         0x0000000020002358     0x2338 ./Src/main.o
                0x0000000020002358                fno
                0x0000000020002470                fs
                0x00000000200034a8                br
                0x00000000200034ac                free_space
                0x00000000200034b0                huart1
                0x00000000200034f4                buffer
                0x00000000200035f4                free_cluster
                0x00000000200035f8                bw
                0x00000000200035fc                pfs
                0x0000000020003600                fresult
                0x0000000020003604                hspi1
                0x000000002000365c                total
                0x0000000020003660                fil
 COMMON         0x0000000020004690        0x2 ./Src/stm32f4xx_it.o
                0x0000000020004690                Timer2
                0x0000000020004691                Timer1
 *fill*         0x0000000020004692        0x2 
 COMMON         0x0000000020004694        0x4 c:/st/stm32cubeide_1.7.0/stm32cubeide/plugins/com.st.stm32cube.ide.mcu.externaltools.gnu-tools-for-stm32.9-2020-q2-update.win32_2.0.0.202105311346/tools/bin/../lib/gcc/arm-none-eabi/9.3.1/../../../../arm-none-eabi/lib/thumb/v7e-m+fp/hard\libc_nano.a(lib_a-reent.o)
                0x0000000020004694                errno
 COMMON         0x0000000020004698        0x9 c:/st/stm32cubeide_1.7.0/stm32cubeide/plugins/com.st.stm32cube.ide.mcu.externaltools.gnu-tools-for-stm32.9-2020-q2-update.win32_2.0.0.202105311346/tools/bin/../lib/gcc/arm-none-eabi/9.3.1/../../../../arm-none-eabi/lib/thumb/v7e-m+fp/hard\libc_nano.a(lib_a-lock.o)
                0x0000000020004698                __lock___atexit_recursive_mutex
                0x0000000020004699                __lock___arc4random_mutex
                0x000000002000469a                __lock___env_recursive_mutex
                0x000000002000469b                __lock___sinit_recursive_mutex
                0x000000002000469c                __lock___malloc_recursive_mutex
                0x000000002000469d                __lock___at_quick_exit_mutex
                0x000000002000469e                __lock___dd_hash_mutex
                0x000000002000469f                __lock___tz_mutex
                0x00000000200046a0                __lock___sfp_recursive_mutex
                0x00000000200046a4                . = ALIGN (0x4)
 *fill*         0x00000000200046a1        0x3 
                0x00000000200046a4                _ebss = .
                0x00000000200046a4                __bss_end__ = _ebss

._user_heap_stack
                0x00000000200046a4      0xc04 load address 0x0000000008008474
                0x00000000200046a8                . = ALIGN (0x8)
 *fill*         0x00000000200046a4        0x4 
                [!provide]                        PROVIDE (end = .)
                0x00000000200046a8                PROVIDE (_end = .)
                0x0000000020004aa8                . = (. + _Min_Heap_Size)
 *fill*         0x00000000200046a8      0x400 
                0x00000000200052a8                . = (. + _Min_Stack_Size)
 *fill*         0x0000000020004aa8      0x800 
                0x00000000200052a8                . = ALIGN (0x8)

/DISCARD/
 libc.a(*)
 libm.a(*)
 libgcc.a(*)

.ARM.attributes
                0x0000000000000000       0x30
 *(.ARM.attributes)
 .ARM.attributes
                0x0000000000000000       0x1e c:/st/stm32cubeide_1.7.0/stm32cubeide/plugins/com.st.stm32cube.ide.mcu.externaltools.gnu-tools-for-stm32.9-2020-q2-update.win32_2.0.0.202105311346/tools/bin/../lib/gcc/arm-none-eabi/9.3.1/thumb/v7e-m+fp/hard/crti.o
 .ARM.attributes
                0x000000000000001e       0x34 c:/st/stm32cubeide_1.7.0/stm32cubeide/plugins/com.st.stm32cube.ide.mcu.externaltools.gnu-tools-for-stm32.9-2020-q2-update.win32_2.0.0.202105311346/tools/bin/../lib/gcc/arm-none-eabi/9.3.1/thumb/v7e-m+fp/hard/crtbegin.o
 .ARM.attributes
                0x0000000000000052       0x34 ./Drivers/STM32F4xx_HAL_Driver/Src/stm32f4xx_hal.o
 .ARM.attributes
                0x0000000000000086       0x34 ./Drivers/STM32F4xx_HAL_Driver/Src/stm32f4xx_hal_cortex.o
 .ARM.attributes
                0x00000000000000ba       0x34 ./Drivers/STM32F4xx_HAL_Driver/Src/stm32f4xx_hal_gpio.o
 .ARM.attributes
                0x00000000000000ee       0x34 ./Drivers/STM32F4xx_HAL_Driver/Src/stm32f4xx_hal_rcc.o
 .ARM.attributes
                0x0000000000000122       0x34 ./Drivers/STM32F4xx_HAL_Driver/Src/stm32f4xx_hal_spi.o
 .ARM.attributes
                0x0000000000000156       0x34 ./Drivers/STM32F4xx_HAL_Driver/Src/stm32f4xx_hal_uart.o
 .ARM.attributes
                0x000000000000018a       0x34 ./Middlewares/Third_Party/FatFs/src/diskio.o
 .ARM.attributes
                0x00000000000001be       0x34 ./Middlewares/Third_Party/FatFs/src/ff.o
 .ARM.attributes
                0x00000000000001f2       0x34 ./Middlewares/Third_Party/FatFs/src/ff_gen_drv.o
 .ARM.attributes
                0x0000000000000226       0x34 ./Middlewares/Third_Party/FatFs/src/option/ccsbcs.o
 .ARM.attributes
                0x000000000000025a       0x34 ./Src/fatfs.o
 .ARM.attributes
                0x000000000000028e       0x34 ./Src/fatfs_sd.o
 .ARM.attributes
                0x00000000000002c2       0x34 ./Src/main.o
 .ARM.attributes
                0x00000000000002f6       0x34 ./Src/stm32f4xx_hal_msp.o
 .ARM.attributes
                0x000000000000032a       0x34 ./Src/stm32f4xx_it.o
 .ARM.attributes
                0x000000000000035e       0x34 ./Src/sysmem.o
 .ARM.attributes
                0x0000000000000392       0x34 ./Src/system_stm32f4xx.o
 .ARM.attributes
                0x00000000000003c6       0x34 ./Src/user_diskio.o
 .ARM.attributes
                0x00000000000003fa       0x21 ./Startup/startup_stm32f411retx.o
 .ARM.attributes
                0x000000000000041b       0x34 c:/st/stm32cubeide_1.7.0/stm32cubeide/plugins/com.st.stm32cube.ide.mcu.externaltools.gnu-tools-for-stm32.9-2020-q2-update.win32_2.0.0.202105311346/tools/bin/../lib/gcc/arm-none-eabi/9.3.1/../../../../arm-none-eabi/lib/thumb/v7e-m+fp/hard\libc_nano.a(lib_a-errno.o)
 .ARM.attributes
                0x000000000000044f       0x32 c:/st/stm32cubeide_1.7.0/stm32cubeide/plugins/com.st.stm32cube.ide.mcu.externaltools.gnu-tools-for-stm32.9-2020-q2-update.win32_2.0.0.202105311346/tools/bin/../lib/gcc/arm-none-eabi/9.3.1/../../../../arm-none-eabi/lib/thumb/v7e-m+fp/hard\libc_nano.a(lib_a-impure.o)
 .ARM.attributes
                0x0000000000000481       0x34 c:/st/stm32cubeide_1.7.0/stm32cubeide/plugins/com.st.stm32cube.ide.mcu.externaltools.gnu-tools-for-stm32.9-2020-q2-update.win32_2.0.0.202105311346/tools/bin/../lib/gcc/arm-none-eabi/9.3.1/../../../../arm-none-eabi/lib/thumb/v7e-m+fp/hard\libc_nano.a(lib_a-init.o)
 .ARM.attributes
                0x00000000000004b5       0x34 c:/st/stm32cubeide_1.7.0/stm32cubeide/plugins/com.st.stm32cube.ide.mcu.externaltools.gnu-tools-for-stm32.9-2020-q2-update.win32_2.0.0.202105311346/tools/bin/../lib/gcc/arm-none-eabi/9.3.1/../../../../arm-none-eabi/lib/thumb/v7e-m+fp/hard\libc_nano.a(lib_a-memcpy-stub.o)
 .ARM.attributes
                0x00000000000004e9       0x34 c:/st/stm32cubeide_1.7.0/stm32cubeide/plugins/com.st.stm32cube.ide.mcu.externaltools.gnu-tools-for-stm32.9-2020-q2-update.win32_2.0.0.202105311346/tools/bin/../lib/gcc/arm-none-eabi/9.3.1/../../../../arm-none-eabi/lib/thumb/v7e-m+fp/hard\libc_nano.a(lib_a-memset.o)
 .ARM.attributes
                0x000000000000051d       0x34 c:/st/stm32cubeide_1.7.0/stm32cubeide/plugins/com.st.stm32cube.ide.mcu.externaltools.gnu-tools-for-stm32.9-2020-q2-update.win32_2.0.0.202105311346/tools/bin/../lib/gcc/arm-none-eabi/9.3.1/../../../../arm-none-eabi/lib/thumb/v7e-m+fp/hard\libc_nano.a(lib_a-sprintf.o)
 .ARM.attributes
                0x0000000000000551       0x17 c:/st/stm32cubeide_1.7.0/stm32cubeide/plugins/com.st.stm32cube.ide.mcu.externaltools.gnu-tools-for-stm32.9-2020-q2-update.win32_2.0.0.202105311346/tools/bin/../lib/gcc/arm-none-eabi/9.3.1/../../../../arm-none-eabi/lib/thumb/v7e-m+fp/hard\libc_nano.a(lib_a-strlen.o)
 .ARM.attributes
                0x0000000000000568       0x34 c:/st/stm32cubeide_1.7.0/stm32cubeide/plugins/com.st.stm32cube.ide.mcu.externaltools.gnu-tools-for-stm32.9-2020-q2-update.win32_2.0.0.202105311346/tools/bin/../lib/gcc/arm-none-eabi/9.3.1/../../../../arm-none-eabi/lib/thumb/v7e-m+fp/hard\libc_nano.a(lib_a-nano-svfprintf.o)
 .ARM.attributes
                0x000000000000059c       0x34 c:/st/stm32cubeide_1.7.0/stm32cubeide/plugins/com.st.stm32cube.ide.mcu.externaltools.gnu-tools-for-stm32.9-2020-q2-update.win32_2.0.0.202105311346/tools/bin/../lib/gcc/arm-none-eabi/9.3.1/../../../../arm-none-eabi/lib/thumb/v7e-m+fp/hard\libc_nano.a(lib_a-nano-vfprintf_i.o)
 .ARM.attributes
                0x00000000000005d0       0x1c c:/st/stm32cubeide_1.7.0/stm32cubeide/plugins/com.st.stm32cube.ide.mcu.externaltools.gnu-tools-for-stm32.9-2020-q2-update.win32_2.0.0.202105311346/tools/bin/../lib/gcc/arm-none-eabi/9.3.1/../../../../arm-none-eabi/lib/thumb/v7e-m+fp/hard\libc_nano.a(lib_a-memchr.o)
 .ARM.attributes
                0x00000000000005ec       0x34 c:/st/stm32cubeide_1.7.0/stm32cubeide/plugins/com.st.stm32cube.ide.mcu.externaltools.gnu-tools-for-stm32.9-2020-q2-update.win32_2.0.0.202105311346/tools/bin/../lib/gcc/arm-none-eabi/9.3.1/../../../../arm-none-eabi/lib/thumb/v7e-m+fp/hard\libc_nano.a(lib_a-memmove.o)
 .ARM.attributes
                0x0000000000000620       0x34 c:/st/stm32cubeide_1.7.0/stm32cubeide/plugins/com.st.stm32cube.ide.mcu.externaltools.gnu-tools-for-stm32.9-2020-q2-update.win32_2.0.0.202105311346/tools/bin/../lib/gcc/arm-none-eabi/9.3.1/../../../../arm-none-eabi/lib/thumb/v7e-m+fp/hard\libc_nano.a(lib_a-nano-freer.o)
 .ARM.attributes
                0x0000000000000654       0x34 c:/st/stm32cubeide_1.7.0/stm32cubeide/plugins/com.st.stm32cube.ide.mcu.externaltools.gnu-tools-for-stm32.9-2020-q2-update.win32_2.0.0.202105311346/tools/bin/../lib/gcc/arm-none-eabi/9.3.1/../../../../arm-none-eabi/lib/thumb/v7e-m+fp/hard\libc_nano.a(lib_a-nano-mallocr.o)
 .ARM.attributes
                0x0000000000000688       0x34 c:/st/stm32cubeide_1.7.0/stm32cubeide/plugins/com.st.stm32cube.ide.mcu.externaltools.gnu-tools-for-stm32.9-2020-q2-update.win32_2.0.0.202105311346/tools/bin/../lib/gcc/arm-none-eabi/9.3.1/../../../../arm-none-eabi/lib/thumb/v7e-m+fp/hard\libc_nano.a(lib_a-nano-reallocr.o)
 .ARM.attributes
                0x00000000000006bc       0x34 c:/st/stm32cubeide_1.7.0/stm32cubeide/plugins/com.st.stm32cube.ide.mcu.externaltools.gnu-tools-for-stm32.9-2020-q2-update.win32_2.0.0.202105311346/tools/bin/../lib/gcc/arm-none-eabi/9.3.1/../../../../arm-none-eabi/lib/thumb/v7e-m+fp/hard\libc_nano.a(lib_a-sbrkr.o)
 .ARM.attributes
                0x00000000000006f0       0x34 c:/st/stm32cubeide_1.7.0/stm32cubeide/plugins/com.st.stm32cube.ide.mcu.externaltools.gnu-tools-for-stm32.9-2020-q2-update.win32_2.0.0.202105311346/tools/bin/../lib/gcc/arm-none-eabi/9.3.1/../../../../arm-none-eabi/lib/thumb/v7e-m+fp/hard\libc_nano.a(lib_a-mlock.o)
 .ARM.attributes
                0x0000000000000724       0x34 c:/st/stm32cubeide_1.7.0/stm32cubeide/plugins/com.st.stm32cube.ide.mcu.externaltools.gnu-tools-for-stm32.9-2020-q2-update.win32_2.0.0.202105311346/tools/bin/../lib/gcc/arm-none-eabi/9.3.1/../../../../arm-none-eabi/lib/thumb/v7e-m+fp/hard\libc_nano.a(lib_a-nano-msizer.o)
 .ARM.attributes
                0x0000000000000758       0x34 c:/st/stm32cubeide_1.7.0/stm32cubeide/plugins/com.st.stm32cube.ide.mcu.externaltools.gnu-tools-for-stm32.9-2020-q2-update.win32_2.0.0.202105311346/tools/bin/../lib/gcc/arm-none-eabi/9.3.1/../../../../arm-none-eabi/lib/thumb/v7e-m+fp/hard\libc_nano.a(lib_a-reent.o)
 .ARM.attributes
                0x000000000000078c       0x34 c:/st/stm32cubeide_1.7.0/stm32cubeide/plugins/com.st.stm32cube.ide.mcu.externaltools.gnu-tools-for-stm32.9-2020-q2-update.win32_2.0.0.202105311346/tools/bin/../lib/gcc/arm-none-eabi/9.3.1/../../../../arm-none-eabi/lib/thumb/v7e-m+fp/hard\libc_nano.a(lib_a-lock.o)
 .ARM.attributes
                0x00000000000007c0       0x1e c:/st/stm32cubeide_1.7.0/stm32cubeide/plugins/com.st.stm32cube.ide.mcu.externaltools.gnu-tools-for-stm32.9-2020-q2-update.win32_2.0.0.202105311346/tools/bin/../lib/gcc/arm-none-eabi/9.3.1/thumb/v7e-m+fp/hard\libgcc.a(_aeabi_uldivmod.o)
 .ARM.attributes
                0x00000000000007de       0x34 c:/st/stm32cubeide_1.7.0/stm32cubeide/plugins/com.st.stm32cube.ide.mcu.externaltools.gnu-tools-for-stm32.9-2020-q2-update.win32_2.0.0.202105311346/tools/bin/../lib/gcc/arm-none-eabi/9.3.1/thumb/v7e-m+fp/hard\libgcc.a(_udivmoddi4.o)
 .ARM.attributes
                0x0000000000000812       0x1e c:/st/stm32cubeide_1.7.0/stm32cubeide/plugins/com.st.stm32cube.ide.mcu.externaltools.gnu-tools-for-stm32.9-2020-q2-update.win32_2.0.0.202105311346/tools/bin/../lib/gcc/arm-none-eabi/9.3.1/thumb/v7e-m+fp/hard\libgcc.a(_dvmd_tls.o)
 .ARM.attributes
                0x0000000000000830       0x1e c:/st/stm32cubeide_1.7.0/stm32cubeide/plugins/com.st.stm32cube.ide.mcu.externaltools.gnu-tools-for-stm32.9-2020-q2-update.win32_2.0.0.202105311346/tools/bin/../lib/gcc/arm-none-eabi/9.3.1/thumb/v7e-m+fp/hard/crtn.o
OUTPUT(SPI_SD_FATFS_v1.elf elf32-littlearm)
LOAD linker stubs
LOAD c:/st/stm32cubeide_1.7.0/stm32cubeide/plugins/com.st.stm32cube.ide.mcu.externaltools.gnu-tools-for-stm32.9-2020-q2-update.win32_2.0.0.202105311346/tools/bin/../lib/gcc/arm-none-eabi/9.3.1/../../../../arm-none-eabi/lib/thumb/v7e-m+fp/hard\libc.a
LOAD c:/st/stm32cubeide_1.7.0/stm32cubeide/plugins/com.st.stm32cube.ide.mcu.externaltools.gnu-tools-for-stm32.9-2020-q2-update.win32_2.0.0.202105311346/tools/bin/../lib/gcc/arm-none-eabi/9.3.1/../../../../arm-none-eabi/lib/thumb/v7e-m+fp/hard\libm.a
LOAD c:/st/stm32cubeide_1.7.0/stm32cubeide/plugins/com.st.stm32cube.ide.mcu.externaltools.gnu-tools-for-stm32.9-2020-q2-update.win32_2.0.0.202105311346/tools/bin/../lib/gcc/arm-none-eabi/9.3.1/thumb/v7e-m+fp/hard\libgcc.a

.debug_info     0x0000000000000000    0x130cf
 .debug_info    0x0000000000000000      0x944 ./Drivers/STM32F4xx_HAL_Driver/Src/stm32f4xx_hal.o
 .debug_info    0x0000000000000944      0xe47 ./Drivers/STM32F4xx_HAL_Driver/Src/stm32f4xx_hal_cortex.o
 .debug_info    0x000000000000178b      0x862 ./Drivers/STM32F4xx_HAL_Driver/Src/stm32f4xx_hal_gpio.o
 .debug_info    0x0000000000001fed      0x9be ./Drivers/STM32F4xx_HAL_Driver/Src/stm32f4xx_hal_rcc.o
 .debug_info    0x00000000000029ab     0x17b8 ./Drivers/STM32F4xx_HAL_Driver/Src/stm32f4xx_hal_spi.o
 .debug_info    0x0000000000004163     0x31d6 ./Drivers/STM32F4xx_HAL_Driver/Src/stm32f4xx_hal_uart.o
 .debug_info    0x0000000000007339      0xda8 ./Middlewares/Third_Party/FatFs/src/diskio.o
 .debug_info    0x00000000000080e1     0x3111 ./Middlewares/Third_Party/FatFs/src/ff.o
 .debug_info    0x000000000000b1f2      0xd39 ./Middlewares/Third_Party/FatFs/src/ff_gen_drv.o
 .debug_info    0x000000000000bf2b      0xb76 ./Middlewares/Third_Party/FatFs/src/option/ccsbcs.o
 .debug_info    0x000000000000caa1      0xe90 ./Src/fatfs.o
 .debug_info    0x000000000000d931      0xcd1 ./Src/fatfs_sd.o
 .debug_info    0x000000000000e602     0x1e25 ./Src/main.o
 .debug_info    0x0000000000010427      0xd38 ./Src/stm32f4xx_hal_msp.o
 .debug_info    0x000000000001115f      0x26f ./Src/stm32f4xx_it.o
 .debug_info    0x00000000000113ce      0xa25 ./Src/sysmem.o
 .debug_info    0x0000000000011df3      0x5d0 ./Src/system_stm32f4xx.o
 .debug_info    0x00000000000123c3      0xcea ./Src/user_diskio.o
 .debug_info    0x00000000000130ad       0x22 ./Startup/startup_stm32f411retx.o

.debug_abbrev   0x0000000000000000     0x2850
 .debug_abbrev  0x0000000000000000      0x21e ./Drivers/STM32F4xx_HAL_Driver/Src/stm32f4xx_hal.o
 .debug_abbrev  0x000000000000021e      0x33c ./Drivers/STM32F4xx_HAL_Driver/Src/stm32f4xx_hal_cortex.o
 .debug_abbrev  0x000000000000055a      0x1f1 ./Drivers/STM32F4xx_HAL_Driver/Src/stm32f4xx_hal_gpio.o
 .debug_abbrev  0x000000000000074b      0x275 ./Drivers/STM32F4xx_HAL_Driver/Src/stm32f4xx_hal_rcc.o
 .debug_abbrev  0x00000000000009c0      0x26e ./Drivers/STM32F4xx_HAL_Driver/Src/stm32f4xx_hal_spi.o
 .debug_abbrev  0x0000000000000c2e      0x2fc ./Drivers/STM32F4xx_HAL_Driver/Src/stm32f4xx_hal_uart.o
 .debug_abbrev  0x0000000000000f2a      0x237 ./Middlewares/Third_Party/FatFs/src/diskio.o
 .debug_abbrev  0x0000000000001161      0x2e1 ./Middlewares/Third_Party/FatFs/src/ff.o
 .debug_abbrev  0x0000000000001442      0x268 ./Middlewares/Third_Party/FatFs/src/ff_gen_drv.o
 .debug_abbrev  0x00000000000016aa      0x21b ./Middlewares/Third_Party/FatFs/src/option/ccsbcs.o
 .debug_abbrev  0x00000000000018c5      0x209 ./Src/fatfs.o
 .debug_abbrev  0x0000000000001ace      0x28d ./Src/fatfs_sd.o
 .debug_abbrev  0x0000000000001d5b      0x331 ./Src/main.o
 .debug_abbrev  0x000000000000208c      0x1ac ./Src/stm32f4xx_hal_msp.o
 .debug_abbrev  0x0000000000002238       0xe5 ./Src/stm32f4xx_it.o
 .debug_abbrev  0x000000000000231d      0x1bf ./Src/sysmem.o
 .debug_abbrev  0x00000000000024dc      0x145 ./Src/system_stm32f4xx.o
 .debug_abbrev  0x0000000000002621      0x21d ./Src/user_diskio.o
 .debug_abbrev  0x000000000000283e       0x12 ./Startup/startup_stm32f411retx.o

.debug_aranges  0x0000000000000000      0xc20
 .debug_aranges
                0x0000000000000000       0xf0 ./Drivers/STM32F4xx_HAL_Driver/Src/stm32f4xx_hal.o
 .debug_aranges
                0x00000000000000f0      0x118 ./Drivers/STM32F4xx_HAL_Driver/Src/stm32f4xx_hal_cortex.o
 .debug_aranges
                0x0000000000000208       0x58 ./Drivers/STM32F4xx_HAL_Driver/Src/stm32f4xx_hal_gpio.o
 .debug_aranges
                0x0000000000000260       0x88 ./Drivers/STM32F4xx_HAL_Driver/Src/stm32f4xx_hal_rcc.o
 .debug_aranges
                0x00000000000002e8      0x1d0 ./Drivers/STM32F4xx_HAL_Driver/Src/stm32f4xx_hal_spi.o
 .debug_aranges
                0x00000000000004b8      0x200 ./Drivers/STM32F4xx_HAL_Driver/Src/stm32f4xx_hal_uart.o
 .debug_aranges
                0x00000000000006b8       0x48 ./Middlewares/Third_Party/FatFs/src/diskio.o
 .debug_aranges
                0x0000000000000700      0x230 ./Middlewares/Third_Party/FatFs/src/ff.o
 .debug_aranges
                0x0000000000000930       0x40 ./Middlewares/Third_Party/FatFs/src/ff_gen_drv.o
 .debug_aranges
                0x0000000000000970       0x28 ./Middlewares/Third_Party/FatFs/src/option/ccsbcs.o
 .debug_aranges
                0x0000000000000998       0x28 ./Src/fatfs.o
 .debug_aranges
                0x00000000000009c0       0xa8 ./Src/fatfs_sd.o
 .debug_aranges
                0x0000000000000a68       0x60 ./Src/main.o
 .debug_aranges
                0x0000000000000ac8       0x40 ./Src/stm32f4xx_hal_msp.o
 .debug_aranges
                0x0000000000000b08       0x68 ./Src/stm32f4xx_it.o
 .debug_aranges
                0x0000000000000b70       0x20 ./Src/sysmem.o
 .debug_aranges
                0x0000000000000b90       0x28 ./Src/system_stm32f4xx.o
 .debug_aranges
                0x0000000000000bb8       0x40 ./Src/user_diskio.o
 .debug_aranges
                0x0000000000000bf8       0x28 ./Startup/startup_stm32f411retx.o

.debug_ranges   0x0000000000000000      0xb28
 .debug_ranges  0x0000000000000000       0xe0 ./Drivers/STM32F4xx_HAL_Driver/Src/stm32f4xx_hal.o
 .debug_ranges  0x00000000000000e0      0x108 ./Drivers/STM32F4xx_HAL_Driver/Src/stm32f4xx_hal_cortex.o
 .debug_ranges  0x00000000000001e8       0x48 ./Drivers/STM32F4xx_HAL_Driver/Src/stm32f4xx_hal_gpio.o
 .debug_ranges  0x0000000000000230       0x78 ./Drivers/STM32F4xx_HAL_Driver/Src/stm32f4xx_hal_rcc.o
 .debug_ranges  0x00000000000002a8      0x1c0 ./Drivers/STM32F4xx_HAL_Driver/Src/stm32f4xx_hal_spi.o
 .debug_ranges  0x0000000000000468      0x220 ./Drivers/STM32F4xx_HAL_Driver/Src/stm32f4xx_hal_uart.o
 .debug_ranges  0x0000000000000688       0x38 ./Middlewares/Third_Party/FatFs/src/diskio.o
 .debug_ranges  0x00000000000006c0      0x220 ./Middlewares/Third_Party/FatFs/src/ff.o
 .debug_ranges  0x00000000000008e0       0x30 ./Middlewares/Third_Party/FatFs/src/ff_gen_drv.o
 .debug_ranges  0x0000000000000910       0x18 ./Middlewares/Third_Party/FatFs/src/option/ccsbcs.o
 .debug_ranges  0x0000000000000928       0x18 ./Src/fatfs.o
 .debug_ranges  0x0000000000000940       0x98 ./Src/fatfs_sd.o
 .debug_ranges  0x00000000000009d8       0x50 ./Src/main.o
 .debug_ranges  0x0000000000000a28       0x30 ./Src/stm32f4xx_hal_msp.o
 .debug_ranges  0x0000000000000a58       0x58 ./Src/stm32f4xx_it.o
 .debug_ranges  0x0000000000000ab0       0x10 ./Src/sysmem.o
 .debug_ranges  0x0000000000000ac0       0x18 ./Src/system_stm32f4xx.o
 .debug_ranges  0x0000000000000ad8       0x30 ./Src/user_diskio.o
 .debug_ranges  0x0000000000000b08       0x20 ./Startup/startup_stm32f411retx.o

.debug_macro    0x0000000000000000    0x1793b
 .debug_macro   0x0000000000000000      0x224 ./Drivers/STM32F4xx_HAL_Driver/Src/stm32f4xx_hal.o
 .debug_macro   0x0000000000000224      0xaa8 ./Drivers/STM32F4xx_HAL_Driver/Src/stm32f4xx_hal.o
 .debug_macro   0x0000000000000ccc      0x29b ./Drivers/STM32F4xx_HAL_Driver/Src/stm32f4xx_hal.o
 .debug_macro   0x0000000000000f67       0x2e ./Drivers/STM32F4xx_HAL_Driver/Src/stm32f4xx_hal.o
 .debug_macro   0x0000000000000f95       0x28 ./Drivers/STM32F4xx_HAL_Driver/Src/stm32f4xx_hal.o
 .debug_macro   0x0000000000000fbd       0x22 ./Drivers/STM32F4xx_HAL_Driver/Src/stm32f4xx_hal.o
 .debug_macro   0x0000000000000fdf       0x8e ./Drivers/STM32F4xx_HAL_Driver/Src/stm32f4xx_hal.o
 .debug_macro   0x000000000000106d       0x51 ./Drivers/STM32F4xx_HAL_Driver/Src/stm32f4xx_hal.o
 .debug_macro   0x00000000000010be      0x103 ./Drivers/STM32F4xx_HAL_Driver/Src/stm32f4xx_hal.o
 .debug_macro   0x00000000000011c1       0x6a ./Drivers/STM32F4xx_HAL_Driver/Src/stm32f4xx_hal.o
 .debug_macro   0x000000000000122b      0x1df ./Drivers/STM32F4xx_HAL_Driver/Src/stm32f4xx_hal.o
 .debug_macro   0x000000000000140a       0x1c ./Drivers/STM32F4xx_HAL_Driver/Src/stm32f4xx_hal.o
 .debug_macro   0x0000000000001426       0x22 ./Drivers/STM32F4xx_HAL_Driver/Src/stm32f4xx_hal.o
 .debug_macro   0x0000000000001448       0xdf ./Drivers/STM32F4xx_HAL_Driver/Src/stm32f4xx_hal.o
 .debug_macro   0x0000000000001527     0x102d ./Drivers/STM32F4xx_HAL_Driver/Src/stm32f4xx_hal.o
 .debug_macro   0x0000000000002554      0x11f ./Drivers/STM32F4xx_HAL_Driver/Src/stm32f4xx_hal.o
 .debug_macro   0x0000000000002673     0xb953 ./Drivers/STM32F4xx_HAL_Driver/Src/stm32f4xx_hal.o
 .debug_macro   0x000000000000dfc6       0x6d ./Drivers/STM32F4xx_HAL_Driver/Src/stm32f4xx_hal.o
 .debug_macro   0x000000000000e033     0x3666 ./Drivers/STM32F4xx_HAL_Driver/Src/stm32f4xx_hal.o
 .debug_macro   0x0000000000011699      0x174 ./Drivers/STM32F4xx_HAL_Driver/Src/stm32f4xx_hal.o
 .debug_macro   0x000000000001180d       0x5c ./Drivers/STM32F4xx_HAL_Driver/Src/stm32f4xx_hal.o
 .debug_macro   0x0000000000011869      0x447 ./Drivers/STM32F4xx_HAL_Driver/Src/stm32f4xx_hal.o
 .debug_macro   0x0000000000011cb0      0x9fe ./Drivers/STM32F4xx_HAL_Driver/Src/stm32f4xx_hal.o
 .debug_macro   0x00000000000126ae      0x116 ./Drivers/STM32F4xx_HAL_Driver/Src/stm32f4xx_hal.o
 .debug_macro   0x00000000000127c4      0x11b ./Drivers/STM32F4xx_HAL_Driver/Src/stm32f4xx_hal.o
 .debug_macro   0x00000000000128df       0xa5 ./Drivers/STM32F4xx_HAL_Driver/Src/stm32f4xx_hal.o
 .debug_macro   0x0000000000012984      0x15f ./Drivers/STM32F4xx_HAL_Driver/Src/stm32f4xx_hal.o
 .debug_macro   0x0000000000012ae3      0x287 ./Drivers/STM32F4xx_HAL_Driver/Src/stm32f4xx_hal.o
 .debug_macro   0x0000000000012d6a       0x5f ./Drivers/STM32F4xx_HAL_Driver/Src/stm32f4xx_hal.o
 .debug_macro   0x0000000000012dc9      0x236 ./Drivers/STM32F4xx_HAL_Driver/Src/stm32f4xx_hal.o
 .debug_macro   0x0000000000012fff      0x132 ./Drivers/STM32F4xx_HAL_Driver/Src/stm32f4xx_hal.o
 .debug_macro   0x0000000000013131      0x264 ./Drivers/STM32F4xx_HAL_Driver/Src/stm32f4xx_hal.o
 .debug_macro   0x0000000000013395       0x2e ./Drivers/STM32F4xx_HAL_Driver/Src/stm32f4xx_hal.o
 .debug_macro   0x00000000000133c3      0x11a ./Drivers/STM32F4xx_HAL_Driver/Src/stm32f4xx_hal.o
 .debug_macro   0x00000000000134dd       0x85 ./Drivers/STM32F4xx_HAL_Driver/Src/stm32f4xx_hal.o
 .debug_macro   0x0000000000013562       0x89 ./Drivers/STM32F4xx_HAL_Driver/Src/stm32f4xx_hal.o
 .debug_macro   0x00000000000135eb      0x225 ./Drivers/STM32F4xx_HAL_Driver/Src/stm32f4xx_hal.o
 .debug_macro   0x0000000000013810      0x295 ./Drivers/STM32F4xx_HAL_Driver/Src/stm32f4xx_hal.o
 .debug_macro   0x0000000000013aa5      0x126 ./Drivers/STM32F4xx_HAL_Driver/Src/stm32f4xx_hal.o
 .debug_macro   0x0000000000013bcb      0x1c4 ./Drivers/STM32F4xx_HAL_Driver/Src/stm32f4xx_hal_cortex.o
 .debug_macro   0x0000000000013d8f      0x1ca ./Drivers/STM32F4xx_HAL_Driver/Src/stm32f4xx_hal_gpio.o
 .debug_macro   0x0000000000013f59      0x1e8 ./Drivers/STM32F4xx_HAL_Driver/Src/stm32f4xx_hal_rcc.o
 .debug_macro   0x0000000000014141      0x1d3 ./Drivers/STM32F4xx_HAL_Driver/Src/stm32f4xx_hal_spi.o
 .debug_macro   0x0000000000014314      0x1c5 ./Drivers/STM32F4xx_HAL_Driver/Src/stm32f4xx_hal_uart.o
 .debug_macro   0x00000000000144d9      0x2e0 ./Middlewares/Third_Party/FatFs/src/diskio.o
 .debug_macro   0x00000000000147b9       0x16 ./Middlewares/Third_Party/FatFs/src/diskio.o
 .debug_macro   0x00000000000147cf       0x7c ./Middlewares/Third_Party/FatFs/src/diskio.o
 .debug_macro   0x000000000001484b       0xe5 ./Middlewares/Third_Party/FatFs/src/diskio.o
 .debug_macro   0x0000000000014930       0x18 ./Middlewares/Third_Party/FatFs/src/diskio.o
 .debug_macro   0x0000000000014948       0x52 ./Middlewares/Third_Party/FatFs/src/diskio.o
 .debug_macro   0x000000000001499a       0x3c ./Middlewares/Third_Party/FatFs/src/diskio.o
 .debug_macro   0x00000000000149d6       0x34 ./Middlewares/Third_Party/FatFs/src/diskio.o
 .debug_macro   0x0000000000014a0a       0x16 ./Middlewares/Third_Party/FatFs/src/diskio.o
 .debug_macro   0x0000000000014a20       0x35 ./Middlewares/Third_Party/FatFs/src/diskio.o
 .debug_macro   0x0000000000014a55       0x16 ./Middlewares/Third_Party/FatFs/src/diskio.o
 .debug_macro   0x0000000000014a6b       0x43 ./Middlewares/Third_Party/FatFs/src/diskio.o
 .debug_macro   0x0000000000014aae       0x34 ./Middlewares/Third_Party/FatFs/src/diskio.o
 .debug_macro   0x0000000000014ae2       0x10 ./Middlewares/Third_Party/FatFs/src/diskio.o
 .debug_macro   0x0000000000014af2       0x58 ./Middlewares/Third_Party/FatFs/src/diskio.o
 .debug_macro   0x0000000000014b4a       0x71 ./Middlewares/Third_Party/FatFs/src/diskio.o
 .debug_macro   0x0000000000014bbb       0x1c ./Middlewares/Third_Party/FatFs/src/diskio.o
 .debug_macro   0x0000000000014bd7      0x12a ./Middlewares/Third_Party/FatFs/src/diskio.o
 .debug_macro   0x0000000000014d01      0x333 ./Middlewares/Third_Party/FatFs/src/diskio.o
 .debug_macro   0x0000000000015034       0x16 ./Middlewares/Third_Party/FatFs/src/diskio.o
 .debug_macro   0x000000000001504a       0x29 ./Middlewares/Third_Party/FatFs/src/diskio.o
 .debug_macro   0x0000000000015073       0x12 ./Middlewares/Third_Party/FatFs/src/diskio.o
 .debug_macro   0x0000000000015085       0xe2 ./Middlewares/Third_Party/FatFs/src/diskio.o
 .debug_macro   0x0000000000015167      0x6ee ./Middlewares/Third_Party/FatFs/src/ff.o
 .debug_macro   0x0000000000015855       0x8e ./Middlewares/Third_Party/FatFs/src/ff.o
 .debug_macro   0x00000000000158e3       0x58 ./Middlewares/Third_Party/FatFs/src/ff.o
 .debug_macro   0x000000000001593b      0x2e0 ./Middlewares/Third_Party/FatFs/src/ff_gen_drv.o
 .debug_macro   0x0000000000015c1b      0x2ce ./Middlewares/Third_Party/FatFs/src/option/ccsbcs.o
 .debug_macro   0x0000000000015ee9      0x2f3 ./Src/fatfs.o
 .debug_macro   0x00000000000161dc      0x209 ./Src/fatfs_sd.o
 .debug_macro   0x00000000000163e5       0x88 ./Src/fatfs_sd.o
 .debug_macro   0x000000000001646d      0x3f7 ./Src/main.o
 .debug_macro   0x0000000000016864       0x16 ./Src/main.o
 .debug_macro   0x000000000001687a       0x20 ./Src/main.o
 .debug_macro   0x000000000001689a       0x1c ./Src/main.o
 .debug_macro   0x00000000000168b6       0x10 ./Src/main.o
 .debug_macro   0x00000000000168c6       0x10 ./Src/main.o
 .debug_macro   0x00000000000168d6       0x1c ./Src/main.o
 .debug_macro   0x00000000000168f2       0x52 ./Src/main.o
 .debug_macro   0x0000000000016944       0x22 ./Src/main.o
 .debug_macro   0x0000000000016966       0x10 ./Src/main.o
 .debug_macro   0x0000000000016976       0x40 ./Src/main.o
 .debug_macro   0x00000000000169b6       0xd5 ./Src/main.o
 .debug_macro   0x0000000000016a8b       0x1c ./Src/main.o
 .debug_macro   0x0000000000016aa7       0x3d ./Src/main.o
 .debug_macro   0x0000000000016ae4       0x16 ./Src/main.o
 .debug_macro   0x0000000000016afa      0x145 ./Src/main.o
 .debug_macro   0x0000000000016c3f      0x1ce ./Src/stm32f4xx_hal_msp.o
 .debug_macro   0x0000000000016e0d      0x1d8 ./Src/stm32f4xx_it.o
 .debug_macro   0x0000000000016fe5       0xff ./Src/sysmem.o
 .debug_macro   0x00000000000170e4      0x23b ./Src/sysmem.o
 .debug_macro   0x000000000001731f      0x1c4 ./Src/system_stm32f4xx.o
 .debug_macro   0x00000000000174e3      0x319 ./Src/user_diskio.o
 .debug_macro   0x00000000000177fc       0x10 ./Src/user_diskio.o
 .debug_macro   0x000000000001780c       0xd9 ./Src/user_diskio.o
 .debug_macro   0x00000000000178e5       0x56 ./Src/user_diskio.o

.debug_line     0x0000000000000000    0x11254
 .debug_line    0x0000000000000000      0x98f ./Drivers/STM32F4xx_HAL_Driver/Src/stm32f4xx_hal.o
 .debug_line    0x000000000000098f      0xc3e ./Drivers/STM32F4xx_HAL_Driver/Src/stm32f4xx_hal_cortex.o
 .debug_line    0x00000000000015cd      0xac9 ./Drivers/STM32F4xx_HAL_Driver/Src/stm32f4xx_hal_gpio.o
 .debug_line    0x0000000000002096      0xd0b ./Drivers/STM32F4xx_HAL_Driver/Src/stm32f4xx_hal_rcc.o
 .debug_line    0x0000000000002da1     0x1c17 ./Drivers/STM32F4xx_HAL_Driver/Src/stm32f4xx_hal_spi.o
 .debug_line    0x00000000000049b8     0x2a16 ./Drivers/STM32F4xx_HAL_Driver/Src/stm32f4xx_hal_uart.o
 .debug_line    0x00000000000073ce      0x8f4 ./Middlewares/Third_Party/FatFs/src/diskio.o
 .debug_line    0x0000000000007cc2     0x3c92 ./Middlewares/Third_Party/FatFs/src/ff.o
 .debug_line    0x000000000000b954      0x912 ./Middlewares/Third_Party/FatFs/src/ff_gen_drv.o
 .debug_line    0x000000000000c266      0x952 ./Middlewares/Third_Party/FatFs/src/option/ccsbcs.o
 .debug_line    0x000000000000cbb8      0x87f ./Src/fatfs.o
 .debug_line    0x000000000000d437      0xdb8 ./Src/fatfs_sd.o
 .debug_line    0x000000000000e1ef      0xc03 ./Src/main.o
 .debug_line    0x000000000000edf2      0x73d ./Src/stm32f4xx_hal_msp.o
 .debug_line    0x000000000000f52f      0x79b ./Src/stm32f4xx_it.o
 .debug_line    0x000000000000fcca      0x4f3 ./Src/sysmem.o
 .debug_line    0x00000000000101bd      0x724 ./Src/system_stm32f4xx.o
 .debug_line    0x00000000000108e1      0x8f0 ./Src/user_diskio.o
 .debug_line    0x00000000000111d1       0x83 ./Startup/startup_stm32f411retx.o

.debug_str      0x0000000000000000    0x89768
 .debug_str     0x0000000000000000    0x81666 ./Drivers/STM32F4xx_HAL_Driver/Src/stm32f4xx_hal.o
                                      0x819e4 (size before relaxing)
 .debug_str     0x0000000000081666      0x3ed ./Drivers/STM32F4xx_HAL_Driver/Src/stm32f4xx_hal_cortex.o
                                      0x817c1 (size before relaxing)
 .debug_str     0x0000000000081a53      0x1e5 ./Drivers/STM32F4xx_HAL_Driver/Src/stm32f4xx_hal_gpio.o
                                      0x81201 (size before relaxing)
 .debug_str     0x0000000000081c38      0x38f ./Drivers/STM32F4xx_HAL_Driver/Src/stm32f4xx_hal_rcc.o
                                      0x8145c (size before relaxing)
 .debug_str     0x0000000000081fc7      0x973 ./Drivers/STM32F4xx_HAL_Driver/Src/stm32f4xx_hal_spi.o
                                      0x818ec (size before relaxing)
 .debug_str     0x000000000008293a      0x795 ./Drivers/STM32F4xx_HAL_Driver/Src/stm32f4xx_hal_uart.o
                                      0x819d0 (size before relaxing)
 .debug_str     0x00000000000830cf     0x38b2 ./Middlewares/Third_Party/FatFs/src/diskio.o
                                      0x8483b (size before relaxing)
 .debug_str     0x0000000000086981     0x12d1 ./Middlewares/Third_Party/FatFs/src/ff.o
                                      0x85aed (size before relaxing)
 .debug_str     0x0000000000087c52       0xa2 ./Middlewares/Third_Party/FatFs/src/ff_gen_drv.o
                                      0x8488c (size before relaxing)
 .debug_str     0x0000000000087cf4       0x60 ./Middlewares/Third_Party/FatFs/src/option/ccsbcs.o
                                      0x84622 (size before relaxing)
 .debug_str     0x0000000000087d54       0x69 ./Src/fatfs.o
                                      0x84928 (size before relaxing)
 .debug_str     0x0000000000087dbd      0x2ca ./Src/fatfs_sd.o
                                      0x817e8 (size before relaxing)
 .debug_str     0x0000000000088087     0x1037 ./Src/main.o
                                      0x864ab (size before relaxing)
 .debug_str     0x00000000000890be       0x1b ./Src/stm32f4xx_hal_msp.o
                                      0x8165b (size before relaxing)
 .debug_str     0x00000000000890d9       0xd1 ./Src/stm32f4xx_it.o
                                      0x80f86 (size before relaxing)
 .debug_str     0x00000000000891aa      0x4e4 ./Src/sysmem.o
                                       0x628c (size before relaxing)
 .debug_str     0x000000000008968e       0x45 ./Src/system_stm32f4xx.o
                                      0x81055 (size before relaxing)
 .debug_str     0x00000000000896d3       0x64 ./Src/user_diskio.o
                                      0x849f4 (size before relaxing)
 .debug_str     0x0000000000089737       0x31 ./Startup/startup_stm32f411retx.o
                                         0x5d (size before relaxing)

.comment        0x0000000000000000       0x53
 .comment       0x0000000000000000       0x53 ./Drivers/STM32F4xx_HAL_Driver/Src/stm32f4xx_hal.o
                                         0x54 (size before relaxing)
 .comment       0x0000000000000053       0x54 ./Drivers/STM32F4xx_HAL_Driver/Src/stm32f4xx_hal_cortex.o
 .comment       0x0000000000000053       0x54 ./Drivers/STM32F4xx_HAL_Driver/Src/stm32f4xx_hal_gpio.o
 .comment       0x0000000000000053       0x54 ./Drivers/STM32F4xx_HAL_Driver/Src/stm32f4xx_hal_rcc.o
 .comment       0x0000000000000053       0x54 ./Drivers/STM32F4xx_HAL_Driver/Src/stm32f4xx_hal_spi.o
 .comment       0x0000000000000053       0x54 ./Drivers/STM32F4xx_HAL_Driver/Src/stm32f4xx_hal_uart.o
 .comment       0x0000000000000053       0x54 ./Middlewares/Third_Party/FatFs/src/diskio.o
 .comment       0x0000000000000053       0x54 ./Middlewares/Third_Party/FatFs/src/ff.o
 .comment       0x0000000000000053       0x54 ./Middlewares/Third_Party/FatFs/src/ff_gen_drv.o
 .comment       0x0000000000000053       0x54 ./Middlewares/Third_Party/FatFs/src/option/ccsbcs.o
 .comment       0x0000000000000053       0x54 ./Src/fatfs.o
 .comment       0x0000000000000053       0x54 ./Src/fatfs_sd.o
 .comment       0x0000000000000053       0x54 ./Src/main.o
 .comment       0x0000000000000053       0x54 ./Src/stm32f4xx_hal_msp.o
 .comment       0x0000000000000053       0x54 ./Src/stm32f4xx_it.o
 .comment       0x0000000000000053       0x54 ./Src/sysmem.o
 .comment       0x0000000000000053       0x54 ./Src/system_stm32f4xx.o
 .comment       0x0000000000000053       0x54 ./Src/user_diskio.o

.debug_frame    0x0000000000000000     0x34a8
 .debug_frame   0x0000000000000000      0x374 ./Drivers/STM32F4xx_HAL_Driver/Src/stm32f4xx_hal.o
 .debug_frame   0x0000000000000374      0x498 ./Drivers/STM32F4xx_HAL_Driver/Src/stm32f4xx_hal_cortex.o
 .debug_frame   0x000000000000080c      0x14c ./Drivers/STM32F4xx_HAL_Driver/Src/stm32f4xx_hal_gpio.o
 .debug_frame   0x0000000000000958      0x1f0 ./Drivers/STM32F4xx_HAL_Driver/Src/stm32f4xx_hal_rcc.o
 .debug_frame   0x0000000000000b48      0x824 ./Drivers/STM32F4xx_HAL_Driver/Src/stm32f4xx_hal_spi.o
 .debug_frame   0x000000000000136c      0x92c ./Drivers/STM32F4xx_HAL_Driver/Src/stm32f4xx_hal_uart.o
 .debug_frame   0x0000000000001c98       0xec ./Middlewares/Third_Party/FatFs/src/diskio.o
 .debug_frame   0x0000000000001d84      0xa0c ./Middlewares/Third_Party/FatFs/src/ff.o
 .debug_frame   0x0000000000002790       0xc8 ./Middlewares/Third_Party/FatFs/src/ff_gen_drv.o
 .debug_frame   0x0000000000002858       0x60 ./Middlewares/Third_Party/FatFs/src/option/ccsbcs.o
 .debug_frame   0x00000000000028b8       0x4c ./Src/fatfs.o
 .debug_frame   0x0000000000002904      0x28c ./Src/fatfs_sd.o
 .debug_frame   0x0000000000002b90      0x138 ./Src/main.o
 .debug_frame   0x0000000000002cc8       0xc8 ./Src/stm32f4xx_hal_msp.o
 .debug_frame   0x0000000000002d90      0x124 ./Src/stm32f4xx_it.o
 .debug_frame   0x0000000000002eb4       0x34 ./Src/sysmem.o
 .debug_frame   0x0000000000002ee8       0x58 ./Src/system_stm32f4xx.o
 .debug_frame   0x0000000000002f40       0xc4 ./Src/user_diskio.o
 .debug_frame   0x0000000000003004       0x20 c:/st/stm32cubeide_1.7.0/stm32cubeide/plugins/com.st.stm32cube.ide.mcu.externaltools.gnu-tools-for-stm32.9-2020-q2-update.win32_2.0.0.202105311346/tools/bin/../lib/gcc/arm-none-eabi/9.3.1/../../../../arm-none-eabi/lib/thumb/v7e-m+fp/hard\libc_nano.a(lib_a-errno.o)
 .debug_frame   0x0000000000003024       0x2c c:/st/stm32cubeide_1.7.0/stm32cubeide/plugins/com.st.stm32cube.ide.mcu.externaltools.gnu-tools-for-stm32.9-2020-q2-update.win32_2.0.0.202105311346/tools/bin/../lib/gcc/arm-none-eabi/9.3.1/../../../../arm-none-eabi/lib/thumb/v7e-m+fp/hard\libc_nano.a(lib_a-init.o)
 .debug_frame   0x0000000000003050       0x28 c:/st/stm32cubeide_1.7.0/stm32cubeide/plugins/com.st.stm32cube.ide.mcu.externaltools.gnu-tools-for-stm32.9-2020-q2-update.win32_2.0.0.202105311346/tools/bin/../lib/gcc/arm-none-eabi/9.3.1/../../../../arm-none-eabi/lib/thumb/v7e-m+fp/hard\libc_nano.a(lib_a-memcpy-stub.o)
 .debug_frame   0x0000000000003078       0x20 c:/st/stm32cubeide_1.7.0/stm32cubeide/plugins/com.st.stm32cube.ide.mcu.externaltools.gnu-tools-for-stm32.9-2020-q2-update.win32_2.0.0.202105311346/tools/bin/../lib/gcc/arm-none-eabi/9.3.1/../../../../arm-none-eabi/lib/thumb/v7e-m+fp/hard\libc_nano.a(lib_a-memset.o)
 .debug_frame   0x0000000000003098       0x6c c:/st/stm32cubeide_1.7.0/stm32cubeide/plugins/com.st.stm32cube.ide.mcu.externaltools.gnu-tools-for-stm32.9-2020-q2-update.win32_2.0.0.202105311346/tools/bin/../lib/gcc/arm-none-eabi/9.3.1/../../../../arm-none-eabi/lib/thumb/v7e-m+fp/hard\libc_nano.a(lib_a-sprintf.o)
 .debug_frame   0x0000000000003104       0x90 c:/st/stm32cubeide_1.7.0/stm32cubeide/plugins/com.st.stm32cube.ide.mcu.externaltools.gnu-tools-for-stm32.9-2020-q2-update.win32_2.0.0.202105311346/tools/bin/../lib/gcc/arm-none-eabi/9.3.1/../../../../arm-none-eabi/lib/thumb/v7e-m+fp/hard\libc_nano.a(lib_a-nano-svfprintf.o)
 .debug_frame   0x0000000000003194       0x60 c:/st/stm32cubeide_1.7.0/stm32cubeide/plugins/com.st.stm32cube.ide.mcu.externaltools.gnu-tools-for-stm32.9-2020-q2-update.win32_2.0.0.202105311346/tools/bin/../lib/gcc/arm-none-eabi/9.3.1/../../../../arm-none-eabi/lib/thumb/v7e-m+fp/hard\libc_nano.a(lib_a-nano-vfprintf_i.o)
 .debug_frame   0x00000000000031f4       0x28 c:/st/stm32cubeide_1.7.0/stm32cubeide/plugins/com.st.stm32cube.ide.mcu.externaltools.gnu-tools-for-stm32.9-2020-q2-update.win32_2.0.0.202105311346/tools/bin/../lib/gcc/arm-none-eabi/9.3.1/../../../../arm-none-eabi/lib/thumb/v7e-m+fp/hard\libc_nano.a(lib_a-memmove.o)
 .debug_frame   0x000000000000321c       0x38 c:/st/stm32cubeide_1.7.0/stm32cubeide/plugins/com.st.stm32cube.ide.mcu.externaltools.gnu-tools-for-stm32.9-2020-q2-update.win32_2.0.0.202105311346/tools/bin/../lib/gcc/arm-none-eabi/9.3.1/../../../../arm-none-eabi/lib/thumb/v7e-m+fp/hard\libc_nano.a(lib_a-nano-freer.o)
 .debug_frame   0x0000000000003254       0x30 c:/st/stm32cubeide_1.7.0/stm32cubeide/plugins/com.st.stm32cube.ide.mcu.externaltools.gnu-tools-for-stm32.9-2020-q2-update.win32_2.0.0.202105311346/tools/bin/../lib/gcc/arm-none-eabi/9.3.1/../../../../arm-none-eabi/lib/thumb/v7e-m+fp/hard\libc_nano.a(lib_a-nano-mallocr.o)
 .debug_frame   0x0000000000003284       0x3c c:/st/stm32cubeide_1.7.0/stm32cubeide/plugins/com.st.stm32cube.ide.mcu.externaltools.gnu-tools-for-stm32.9-2020-q2-update.win32_2.0.0.202105311346/tools/bin/../lib/gcc/arm-none-eabi/9.3.1/../../../../arm-none-eabi/lib/thumb/v7e-m+fp/hard\libc_nano.a(lib_a-nano-reallocr.o)
 .debug_frame   0x00000000000032c0       0x2c c:/st/stm32cubeide_1.7.0/stm32cubeide/plugins/com.st.stm32cube.ide.mcu.externaltools.gnu-tools-for-stm32.9-2020-q2-update.win32_2.0.0.202105311346/tools/bin/../lib/gcc/arm-none-eabi/9.3.1/../../../../arm-none-eabi/lib/thumb/v7e-m+fp/hard\libc_nano.a(lib_a-sbrkr.o)
 .debug_frame   0x00000000000032ec       0x30 c:/st/stm32cubeide_1.7.0/stm32cubeide/plugins/com.st.stm32cube.ide.mcu.externaltools.gnu-tools-for-stm32.9-2020-q2-update.win32_2.0.0.202105311346/tools/bin/../lib/gcc/arm-none-eabi/9.3.1/../../../../arm-none-eabi/lib/thumb/v7e-m+fp/hard\libc_nano.a(lib_a-mlock.o)
 .debug_frame   0x000000000000331c       0x20 c:/st/stm32cubeide_1.7.0/stm32cubeide/plugins/com.st.stm32cube.ide.mcu.externaltools.gnu-tools-for-stm32.9-2020-q2-update.win32_2.0.0.202105311346/tools/bin/../lib/gcc/arm-none-eabi/9.3.1/../../../../arm-none-eabi/lib/thumb/v7e-m+fp/hard\libc_nano.a(lib_a-nano-msizer.o)
 .debug_frame   0x000000000000333c       0x5c c:/st/stm32cubeide_1.7.0/stm32cubeide/plugins/com.st.stm32cube.ide.mcu.externaltools.gnu-tools-for-stm32.9-2020-q2-update.win32_2.0.0.202105311346/tools/bin/../lib/gcc/arm-none-eabi/9.3.1/../../../../arm-none-eabi/lib/thumb/v7e-m+fp/hard\libc_nano.a(lib_a-reent.o)
 .debug_frame   0x0000000000003398       0xb0 c:/st/stm32cubeide_1.7.0/stm32cubeide/plugins/com.st.stm32cube.ide.mcu.externaltools.gnu-tools-for-stm32.9-2020-q2-update.win32_2.0.0.202105311346/tools/bin/../lib/gcc/arm-none-eabi/9.3.1/../../../../arm-none-eabi/lib/thumb/v7e-m+fp/hard\libc_nano.a(lib_a-lock.o)
 .debug_frame   0x0000000000003448       0x2c c:/st/stm32cubeide_1.7.0/stm32cubeide/plugins/com.st.stm32cube.ide.mcu.externaltools.gnu-tools-for-stm32.9-2020-q2-update.win32_2.0.0.202105311346/tools/bin/../lib/gcc/arm-none-eabi/9.3.1/thumb/v7e-m+fp/hard\libgcc.a(_aeabi_uldivmod.o)