main.c:120:5:main	72	static
main.c:250:6:SystemClock_Config	88	static
main.c:294:13:MX_I2C1_Init	8	static
main.c:328:13:MX_SPI1_Init	8	static
main.c:366:13:MX_SPI2_Init	8	static
main.c:404:13:MX_USART1_UART_Init	8	static
main.c:435:13:MX_DMA_Init	16	static
main.c:456:13:MX_GPIO_Init	48	static
main.c:479:5:bufsize	24	static
main.c:485:6:bufsend	24	static
main.c:490:6:ADXL345_Init	8	static
main.c:497:6:ADXL345_Write	24	static
main.c:509:6:ADXL345_Read	16	static
main.c:520:6:HAL_UART_RxCpltCallback	16	static
main.c:537:6:Error_Handler	4	static,ignoring_inline_asm
