stm32f4xx_it.c:67:6:SDTimer_Handler	4	static
stm32f4xx_it.c:83:6:NMI_Handler	4	static
stm32f4xx_it.c:98:6:HardFault_Handler	4	static
stm32f4xx_it.c:113:6:MemManage_Handler	4	static
stm32f4xx_it.c:128:6:BusFault_Handler	4	static
stm32f4xx_it.c:143:6:UsageFault_Handler	4	static
stm32f4xx_it.c:158:6:SVC_Handler	4	static
stm32f4xx_it.c:171:6:DebugMon_Handler	4	static
stm32f4xx_it.c:184:6:PendSV_Handler	4	static
stm32f4xx_it.c:197:6:SysTick_Handler	8	static
stm32f4xx_it.c:224:6:DMA1_Stream0_IRQHandler	8	static
stm32f4xx_it.c:238:6:DMA1_Stream1_IRQHandler	8	static
stm32f4xx_it.c:252:6:I2C1_EV_IRQHandler	8	static
stm32f4xx_it.c:266:6:I2C1_ER_IRQHandler	8	static
stm32f4xx_it.c:280:6:USART1_IRQHandler	8	static
